\BOOKMARK [1][-]{section.1}{\376\377\000I\000n\000t\000r\000o\000d\000u\000c\000t\000i\000o\000n}{}% 1
\BOOKMARK [1][-]{section.2}{\376\377\000M\000o\000d\000e\000l\000\040\000D\000e\000f\000i\000n\000i\000t\000i\000o\000n\000\040\000a\000n\000d\000\040\000S\000t\000a\000t\000e\000\040\000V\000a\000r\000i\000a\000b\000l\000e\000s}{}% 2
\BOOKMARK [1][-]{section.3}{\376\377\000D\000y\000n\000a\000m\000i\000c\000s\000,\000\040\000E\000x\000t\000e\000r\000n\000a\000l\000\040\000M\000e\000d\000i\000a\000,\000\040\000a\000n\000d\000\040\000J\000e\000t\000\040\000I\000n\000i\000t\000i\000a\000l\000\040\000C\000o\000n\000d\000i\000t\000i\000o\000n\000s}{}% 3
\BOOKMARK [2][-]{subsection.3.1}{\376\377\000E\000x\000t\000e\000r\000n\000a\000l\000\040\000m\000e\000d\000i\000a}{section.3}% 4
\BOOKMARK [3][-]{subsubsection.3.1.1}{\376\377\000A\000n\000a\000l\000y\000t\000i\000c\000\040\000m\000e\000d\000i\000a}{subsection.3.1}% 5
\BOOKMARK [3][-]{subsubsection.3.1.2}{\376\377\000T\000a\000b\000u\000l\000a\000t\000e\000d\000\040\000m\000e\000d\000i\000a\000\040\000a\000n\000d\000\040\000j\000u\000m\000p\000s}{subsection.3.1}% 6
\BOOKMARK [2][-]{subsection.3.2}{\376\377\000J\000e\000t\000\040\000a\000n\000g\000u\000l\000a\000r\000\040\000p\000r\000o\000f\000i\000l\000e\000s}{section.3}% 7
\BOOKMARK [2][-]{subsection.3.3}{\376\377\000F\000o\000r\000w\000a\000r\000d\000-\000s\000h\000o\000c\000k\000\040\000d\000y\000n\000a\000m\000i\000c\000a\000l\000\040\000v\000a\000r\000i\000a\000b\000l\000e\000s}{section.3}% 8
\BOOKMARK [2][-]{subsection.3.4}{\376\377\000D\000y\000n\000a\000m\000i\000c\000a\000l\000\040\000b\000r\000a\000n\000c\000h\000e\000s}{section.3}% 9
\BOOKMARK [3][-]{subsubsection.3.4.1}{\376\377\000S\000h\000a\000r\000e\000d\000\040\000e\000q\000u\000a\000t\000i\000o\000n\000\040\000o\000f\000\040\000s\000t\000a\000t\000e\000\040\000a\000n\000d\000\040\000i\000n\000j\000e\000c\000t\000i\000o\000n\000\040\000s\000o\000u\000r\000c\000e}{subsection.3.4}% 10
\BOOKMARK [3][-]{subsubsection.3.4.2}{\376\377\000S\000w\000e\000p\000t\000-\000m\000e\000d\000i\000u\000m\000\040\000s\000t\000a\000t\000e\000\040\000v\000a\000r\000i\000a\000b\000l\000e\000s}{subsection.3.4}% 11
\BOOKMARK [3][-]{subsubsection.3.4.3}{\376\377\000B\000r\000a\000n\000c\000h\000\040\0001\000:\000\040\000r\000a\000d\000i\000a\000t\000i\000v\000e\000-\000e\000f\000f\000i\000c\000i\000e\000n\000c\000y\000\040\000d\000y\000n\000a\000m\000i\000c\000s}{subsection.3.4}% 12
\BOOKMARK [3][-]{subsubsection.3.4.4}{\376\377\000B\000r\000a\000n\000c\000h\000\040\0002\000:\000\040\000v\000a\000r\000i\000a\000b\000l\000e\000-\000i\000n\000d\000e\000x\000\040\000l\000e\000g\000a\000c\000y\000\040\000d\000y\000n\000a\000m\000i\000c\000s}{subsection.3.4}% 13
\BOOKMARK [3][-]{subsubsection.3.4.5}{\376\377\000B\000r\000a\000n\000c\000h\000\040\0003\000:\000\040\000m\000a\000s\000s\000-\000e\000n\000e\000r\000g\000y\000\040\000b\000a\000s\000e\000l\000i\000n\000e}{subsection.3.4}% 14
\BOOKMARK [2][-]{subsection.3.5}{\376\377\000F\000o\000r\000w\000a\000r\000d\000-\000d\000y\000n\000a\000m\000i\000c\000s\000\040\000i\000n\000t\000e\000g\000r\000a\000t\000i\000o\000n}{section.3}% 15
\BOOKMARK [3][-]{subsubsection.3.5.1}{\376\377\000R\000u\000n\000t\000i\000m\000e\000\040\000c\000o\000n\000t\000a\000i\000n\000e\000r\000\040\000a\000n\000d\000\040\000s\000t\000a\000t\000e\000\040\000v\000e\000c\000t\000o\000r}{subsection.3.5}% 16
\BOOKMARK [3][-]{subsubsection.3.5.2}{\376\377\000O\000u\000t\000p\000u\000t\000\040\000g\000r\000i\000d\000\040\000a\000n\000d\000\040\000s\000t\000o\000r\000e\000d\000\040\000s\000t\000a\000t\000e}{subsection.3.5}% 17
\BOOKMARK [3][-]{subsubsection.3.5.3}{\376\377\000R\000u\000n\000g\000e\040\023\000K\000u\000t\000t\000a\000\040\000a\000d\000v\000a\000n\000c\000e}{subsection.3.5}% 18
\BOOKMARK [3][-]{subsubsection.3.5.4}{\376\377\000A\000d\000a\000p\000t\000i\000v\000e\000\040\000r\000e\000f\000i\000n\000e\000m\000e\000n\000t\000\040\000a\000n\000d\000\040\000s\000t\000a\000t\000e\000\040\000d\000o\000m\000a\000i\000n}{subsection.3.5}% 19
\BOOKMARK [2][-]{subsection.3.6}{\376\377\000P\000y\000t\000h\000o\000n\000\040\000b\000i\000n\000d\000i\000n\000g\000\040\000b\000o\000u\000n\000d\000a\000r\000y}{section.3}% 20
\BOOKMARK [1][-]{section.4}{\376\377\000E\000l\000e\000c\000t\000r\000o\000n\000\040\000T\000r\000a\000n\000s\000p\000o\000r\000t\000\040\000a\000n\000d\000\040\000S\000y\000n\000c\000h\000r\000o\000t\000r\000o\000n\000\040\000E\000m\000i\000s\000s\000i\000o\000n}{}% 21
\BOOKMARK [2][-]{subsection.4.1}{\376\377\000S\000h\000a\000r\000e\000d\000\040\000e\000l\000e\000c\000t\000r\000o\000n\000\040\000s\000t\000a\000t\000e\000,\000\040\000s\000o\000u\000r\000c\000e\000s\000,\000\040\000a\000n\000d\000\040\000c\000o\000o\000r\000d\000i\000n\000a\000t\000e\000s}{section.4}% 22
\BOOKMARK [3][-]{subsubsection.4.1.1}{\376\377\000A\000B\000I\000\040\000n\000a\000m\000e\000s\000p\000a\000c\000e\000\040\000b\000o\000u\000n\000d\000a\000r\000y}{subsection.4.1}% 23
\BOOKMARK [3][-]{subsubsection.4.1.2}{\376\377\000C\000o\000n\000t\000i\000n\000u\000u\000m\000\040\000s\000t\000a\000t\000e\000\040\000a\000n\000d\000\040\000s\000o\000l\000v\000e\000r\000\040\000s\000t\000o\000r\000a\000g\000e}{subsection.4.1}% 24
\BOOKMARK [3][-]{subsubsection.4.1.3}{\376\377\000F\000i\000n\000i\000t\000e\000-\000s\000h\000e\000l\000l\000\040\000s\000o\000u\000r\000c\000e\000\040\000a\000n\000d\000\040\000i\000n\000j\000e\000c\000t\000i\000o\000n\000\040\000s\000c\000a\000l\000e\000s}{subsection.4.1}% 25
\BOOKMARK [3][-]{subsubsection.4.1.4}{\376\377\000I\000n\000i\000t\000i\000a\000l\000\040\000s\000p\000e\000c\000t\000r\000u\000m\000\040\000o\000n\000\040\000t\000h\000e\000\040\000s\000h\000a\000r\000e\000d\000\040\000g\000r\000i\000d}{subsection.4.1}% 26
\BOOKMARK [3][-]{subsubsection.4.1.5}{\376\377\000C\000o\000o\000r\000d\000i\000n\000a\000t\000e\000\040\000p\000r\000o\000j\000e\000c\000t\000i\000o\000n\000\040\000o\000f\000\040\000s\000h\000e\000l\000l\000\040\000s\000o\000u\000r\000c\000e\000s}{subsection.4.1}% 27
\BOOKMARK [3][-]{subsubsection.4.1.6}{\376\377\000R\000e\000v\000e\000r\000s\000e\000-\000s\000h\000o\000c\000k\000\040\000k\000i\000n\000e\000t\000i\000c\000\040\000s\000o\000u\000r\000c\000e}{subsection.4.1}% 28
\BOOKMARK [3][-]{subsubsection.4.1.7}{\376\377\000T\000h\000e\000r\000m\000a\000l\000\040\000e\000l\000e\000c\000t\000r\000o\000n\000\040\000c\000o\000m\000p\000o\000n\000e\000n\000t}{subsection.4.1}% 29
\BOOKMARK [3][-]{subsubsection.4.1.8}{\376\377\000S\000h\000a\000r\000e\000d\000\040\000e\000n\000e\000r\000g\000y\000-\000c\000o\000o\000r\000d\000i\000n\000a\000t\000e\000\040\000m\000a\000p\000s}{subsection.4.1}% 30
\BOOKMARK [2][-]{subsection.4.2}{\376\377\000S\000h\000a\000r\000e\000d\000\040\000c\000o\000n\000s\000e\000r\000v\000a\000t\000i\000v\000e\000\040\000s\000h\000e\000l\000l\000-\000t\000r\000a\000n\000s\000p\000o\000r\000t\000\040\000p\000r\000i\000m\000i\000t\000i\000v\000e\000s}{section.4}% 31
\BOOKMARK [3][-]{subsubsection.4.2.1}{\376\377\000S\000o\000l\000v\000e\000r\000\040\000s\000e\000l\000e\000c\000t\000o\000r}{subsection.4.2}% 32
\BOOKMARK [3][-]{subsubsection.4.2.2}{\376\377\000F\000i\000n\000i\000t\000e\000-\000v\000o\000l\000u\000m\000e\000\040\000s\000h\000e\000l\000l\000\040\000u\000p\000d\000a\000t\000e}{subsection.4.2}% 33
\BOOKMARK [3][-]{subsubsection.4.2.3}{\376\377\000D\000i\000a\000g\000n\000o\000s\000t\000i\000c\000\040\000r\000e\000c\000o\000n\000s\000t\000r\000u\000c\000t\000i\000o\000n}{subsection.4.2}% 34
\BOOKMARK [3][-]{subsubsection.4.2.4}{\376\377\000C\000o\000o\000l\000i\000n\000g\000-\000b\000r\000e\000a\000k\000\040\000a\000n\000d\000\040\000s\000u\000b\000s\000t\000e\000p\000\040\000d\000i\000a\000g\000n\000o\000s\000t\000i\000c\000s}{subsection.4.2}% 35
\BOOKMARK [3][-]{subsubsection.4.2.5}{\376\377\000T\000r\000i\000a\000n\000g\000u\000l\000a\000r\000\040\000c\000o\000o\000l\000i\000n\000g\000\040\000s\000w\000e\000e\000p}{subsection.4.2}% 36
\BOOKMARK [3][-]{subsubsection.4.2.6}{\376\377\000I\000n\000t\000e\000r\000p\000o\000l\000a\000t\000i\000o\000n\000\040\000p\000r\000i\000m\000i\000t\000i\000v\000e\000s\000\040\000f\000o\000r\000\040\000r\000e\000m\000a\000p\000s}{subsection.4.2}% 37
\BOOKMARK [3][-]{subsubsection.4.2.7}{\376\377\000P\000o\000s\000i\000t\000i\000v\000e\000\040\000a\000n\000a\000l\000y\000t\000i\000c\000-\000s\000o\000u\000r\000c\000e\000\040\000r\000e\000c\000o\000n\000s\000t\000r\000u\000c\000t\000i\000o\000n}{subsection.4.2}% 38
\BOOKMARK [2][-]{subsection.4.3}{\376\377\000C\000h\000a\000r\000a\000c\000t\000e\000r\000i\000s\000t\000i\000c\000\040\000r\000e\000m\000a\000p\000\040\000p\000r\000i\000m\000i\000t\000i\000v\000e}{section.4}% 39
\BOOKMARK [3][-]{subsubsection.4.3.1}{\376\377\000A\000f\000f\000i\000n\000e\000\040\000c\000h\000a\000r\000a\000c\000t\000e\000r\000i\000s\000t\000i\000c\000\040\000t\000r\000a\000c\000e\000b\000a\000c\000k}{subsection.4.3}% 40
\BOOKMARK [3][-]{subsubsection.4.3.2}{\376\377\000C\000h\000a\000r\000a\000c\000t\000e\000r\000i\000s\000t\000i\000c\000\040\000s\000o\000u\000r\000c\000e\000\040\000q\000u\000a\000d\000r\000a\000t\000u\000r\000e}{subsection.4.3}% 41
\BOOKMARK [3][-]{subsubsection.4.3.3}{\376\377\000S\000e\000m\000i\000-\000L\000a\000g\000r\000a\000n\000g\000i\000a\000n\000\040\000s\000o\000u\000r\000c\000e\000\040\000s\000p\000l\000i\000t}{subsection.4.3}% 42
\BOOKMARK [3][-]{subsubsection.4.3.4}{\376\377\000I\000m\000p\000l\000i\000c\000i\000t\000\040\000f\000l\000u\000x\000-\000s\000p\000l\000i\000t\000\040\000p\000r\000i\000m\000i\000t\000i\000v\000e}{subsection.4.3}% 43
\BOOKMARK [3][-]{subsubsection.4.3.5}{\376\377\000L\000e\000g\000a\000c\000y\000\040\000f\000u\000l\000l\000h\000i\000d\000e\000\040\000t\000r\000i\000a\000n\000g\000u\000l\000a\000r\000\040\000p\000a\000t\000h}{subsection.4.3}% 44
\BOOKMARK [3][-]{subsubsection.4.3.6}{\376\377\000C\000e\000n\000t\000r\000a\000l\000i\000z\000e\000d\000\040\000t\000r\000a\000n\000s\000p\000o\000r\000t\000\040\000d\000i\000a\000g\000n\000o\000s\000t\000i\000c\000s}{subsection.4.3}% 45
\BOOKMARK [2][-]{subsection.4.4}{\376\377\000I\000m\000p\000l\000i\000c\000i\000t\000\040\000f\000i\000n\000i\000t\000e\000-\000v\000o\000l\000u\000m\000e\000\040\000f\000u\000l\000l\000h\000i\000d\000e\000\137\0001\000d\000\040\000s\000o\000l\000v\000e\000r}{section.4}% 46
\BOOKMARK [3][-]{subsubsection.4.4.1}{\376\377\000L\000o\000c\000a\000l\000\040\000s\000h\000e\000l\000l\000\040\000s\000t\000a\000t\000e}{subsection.4.4}% 47
\BOOKMARK [3][-]{subsubsection.4.4.2}{\376\377\000F\000i\000x\000e\000d\000\040\000r\000a\000d\000i\000a\000l\000\040\000s\000u\000b\000s\000t\000e\000p\000s}{subsection.4.4}% 48
\BOOKMARK [3][-]{subsubsection.4.4.3}{\376\377\000I\000m\000p\000l\000i\000c\000i\000t\000\040\000f\000i\000n\000i\000t\000e\000-\000v\000o\000l\000u\000m\000e\000\040\000u\000p\000d\000a\000t\000e}{subsection.4.4}% 49
\BOOKMARK [3][-]{subsubsection.4.4.4}{\376\377\000F\000i\000n\000i\000t\000e\000-\000s\000h\000e\000l\000l\000\040\000s\000o\000u\000r\000c\000e\000\040\000n\000o\000r\000m\000a\000l\000i\000z\000a\000t\000i\000o\000n}{subsection.4.4}% 50
\BOOKMARK [3][-]{subsubsection.4.4.5}{\376\377\000U\000n\000i\000f\000o\000r\000m\000-\000m\000e\000d\000i\000u\000m\000\040\000i\000n\000t\000e\000g\000r\000a\000t\000e\000d\000\040\000s\000o\000l\000v\000e}{subsection.4.4}% 51
\BOOKMARK [3][-]{subsubsection.4.4.6}{\376\377\000S\000u\000b\000s\000t\000e\000p\000-\000b\000y\000-\000s\000u\000b\000s\000t\000e\000p\000\040\000b\000r\000a\000n\000c\000h}{subsection.4.4}% 52
\BOOKMARK [3][-]{subsubsection.4.4.7}{\376\377\000A\000d\000a\000p\000t\000i\000v\000e\000\040\000f\000u\000l\000l\000h\000i\000d\000e\000\040\000s\000u\000b\000s\000t\000e\000p\000s}{subsection.4.4}% 53
\BOOKMARK [2][-]{subsection.4.5}{\376\377\000C\000o\000u\000p\000l\000e\000d\000\040\000f\000u\000l\000l\000h\000i\000d\000e\000\040\000e\000l\000e\000c\000t\000r\000o\000n\040\023\000p\000h\000o\000t\000o\000n\000\040\000p\000a\000s\000s}{section.4}% 54
\BOOKMARK [3][-]{subsubsection.4.5.1}{\376\377\000C\000o\000u\000p\000l\000e\000d\000\040\000i\000n\000p\000u\000t\000\040\000s\000t\000a\000t\000e}{subsection.4.5}% 55
\BOOKMARK [3][-]{subsubsection.4.5.2}{\376\377\000C\000o\000u\000p\000l\000e\000d\000\040\000t\000r\000i\000a\000n\000g\000u\000l\000a\000r\000\040\000s\000o\000l\000v\000e}{subsection.4.5}% 56
\BOOKMARK [3][-]{subsubsection.4.5.3}{\376\377\000C\000o\000u\000p\000l\000e\000d\000\040\000o\000u\000t\000p\000u\000t\000\040\000r\000e\000f\000r\000e\000s\000h}{subsection.4.5}% 57
\BOOKMARK [2][-]{subsection.4.6}{\376\377\000H\000y\000b\000r\000i\000d\000\040\000t\000h\000e\000r\000m\000a\000l\000\040\000f\000u\000l\000l\000h\000i\000d\000e\000\040\000b\000r\000a\000n\000c\000h}{section.4}% 58
\BOOKMARK [3][-]{subsubsection.4.6.1}{\376\377\000H\000y\000b\000r\000i\000d\000\040\000c\000o\000o\000r\000d\000i\000n\000a\000t\000e\000\040\000a\000n\000d\000\040\000s\000t\000a\000t\000e}{subsection.4.6}% 59
\BOOKMARK [3][-]{subsubsection.4.6.2}{\376\377\000H\000y\000b\000r\000i\000d\000\040\000s\000o\000u\000r\000c\000e\000\040\000c\000e\000l\000l\000s}{subsection.4.6}% 60
\BOOKMARK [3][-]{subsubsection.4.6.3}{\376\377\000H\000y\000b\000r\000i\000d\000\040\000d\000e\000n\000s\000i\000t\000y}{subsection.4.6}% 61
\BOOKMARK [3][-]{subsubsection.4.6.4}{\376\377\000T\000e\000m\000p\000e\000r\000a\000t\000u\000r\000e\000\040\000c\000o\000n\000t\000i\000n\000u\000i\000t\000y\000\040\000s\000o\000l\000v\000e}{subsection.4.6}% 62
\BOOKMARK [3][-]{subsubsection.4.6.5}{\376\377\000S\000p\000e\000c\000i\000a\000l\000-\000f\000u\000n\000c\000t\000i\000o\000n\000\040\000b\000a\000c\000k\000e\000n\000d}{subsection.4.6}% 63
\BOOKMARK [3][-]{subsubsection.4.6.6}{\376\377\000T\000h\000e\000r\000m\000a\000l\000-\000t\000a\000i\000l\000\040\000m\000o\000m\000e\000n\000t\000\040\000s\000u\000b\000t\000r\000a\000c\000t\000i\000o\000n}{subsection.4.6}% 64
\BOOKMARK [3][-]{subsubsection.4.6.7}{\376\377\000T\000e\000m\000p\000e\000r\000a\000t\000u\000r\000e\000\040\000s\000e\000e\000d\000\040\000a\000n\000d\000\040\000u\000p\000d\000a\000t\000e}{subsection.4.6}% 65
\BOOKMARK [3][-]{subsubsection.4.6.8}{\376\377\000P\000o\000i\000n\000t\000w\000i\000s\000e\000\040\000h\000y\000b\000r\000i\000d\000\040\000d\000e\000n\000s\000i\000t\000y\000\040\000a\000n\000d\000\040\000f\000i\000n\000a\000l\000\040\000a\000d\000v\000a\000n\000c\000e}{subsection.4.6}% 66
\BOOKMARK [2][-]{subsection.4.7}{\376\377\000S\000e\000m\000i\000-\000L\000a\000g\000r\000a\000n\000g\000i\000a\000n\000\040\000l\000o\000g\000-\000g\000a\000m\000m\000a\000\040\000s\000o\000l\000v\000e\000r}{section.4}% 67
\BOOKMARK [3][-]{subsubsection.4.7.1}{\376\377\000S\000L\000C\000\040\000s\000t\000a\000t\000e\000\040\000a\000n\000d\000\040\000r\000a\000d\000i\000a\000l\000\040\000s\000u\000b\000s\000t\000e\000p\000s}{subsection.4.7}% 68
\BOOKMARK [3][-]{subsubsection.4.7.2}{\376\377\000S\000L\000C\000\040\000s\000o\000u\000r\000c\000e\000\040\000a\000n\000d\000\040\000c\000o\000o\000l\000i\000n\000g\000\040\000s\000p\000e\000e\000d}{subsection.4.7}% 69
\BOOKMARK [3][-]{subsubsection.4.7.3}{\376\377\000S\000L\000C\000\040\000s\000o\000u\000r\000c\000e\000-\000s\000p\000l\000i\000t\000\040\000r\000e\000m\000a\000p}{subsection.4.7}% 70
\BOOKMARK [3][-]{subsubsection.4.7.4}{\376\377\000S\000L\000C\000\040\000o\000u\000t\000p\000u\000t\000\040\000d\000i\000a\000g\000n\000o\000s\000t\000i\000c\000s}{subsection.4.7}% 71
\BOOKMARK [2][-]{subsection.4.8}{\376\377\000T\000h\000r\000e\000e\000-\000l\000e\000v\000e\000l\000\040\000l\000o\000g\000-\000g\000a\000m\000m\000a\000\040\000s\000o\000l\000v\000e\000r}{section.4}% 72
\BOOKMARK [3][-]{subsubsection.4.8.1}{\376\377\000T\0002\000G\000\040\000s\000t\000a\000t\000e\000\040\000a\000n\000d\000\040\000s\000o\000u\000r\000c\000e}{subsection.4.8}% 73
\BOOKMARK [3][-]{subsubsection.4.8.2}{\376\377\000T\0002\000G\000\040\000c\000o\000o\000l\000i\000n\000g\000\040\000s\000p\000e\000e\000d}{subsection.4.8}% 74
\BOOKMARK [3][-]{subsubsection.4.8.3}{\376\377\000T\0002\000G\000\040\000s\000t\000a\000r\000t\000u\000p\000\040\000s\000w\000e\000e\000p}{subsection.4.8}% 75
\BOOKMARK [3][-]{subsubsection.4.8.4}{\376\377\000T\0002\000G\000\040\000B\000D\000F\0002\000\040\000s\000w\000e\000e\000p}{subsection.4.8}% 76
\BOOKMARK [3][-]{subsubsection.4.8.5}{\376\377\000T\0002\000G\000\040\000o\000u\000t\000p\000u\000t\000\040\000d\000i\000a\000g\000n\000o\000s\000t\000i\000c\000s}{subsection.4.8}% 77
\BOOKMARK [2][-]{subsection.4.9}{\376\377\000W\000E\000N\000O\000\040\000f\000i\000n\000i\000t\000e\000-\000v\000o\000l\000u\000m\000e\000\040\000s\000o\000l\000v\000e\000r}{section.4}% 78
\BOOKMARK [3][-]{subsubsection.4.9.1}{\376\377\000W\000E\000N\000O\000\040\000s\000t\000a\000t\000e\000\040\000a\000n\000d\000\040\000l\000o\000c\000a\000l\000\040\000s\000h\000o\000c\000k\000\040\000s\000c\000a\000l\000e\000s}{subsection.4.9}% 79
\BOOKMARK [3][-]{subsubsection.4.9.2}{\376\377\000W\000E\000N\000O\000\040\000c\000o\000n\000s\000e\000r\000v\000a\000t\000i\000v\000e\000\040\000e\000q\000u\000a\000t\000i\000o\000n\000\040\000a\000n\000d\000\040\000s\000u\000b\000s\000t\000e\000p\000s}{subsection.4.9}% 80
\BOOKMARK [3][-]{subsubsection.4.9.3}{\376\377\000W\000E\000N\000O\000\040\000f\000i\000n\000i\000t\000e\000-\000s\000h\000e\000l\000l\000\040\000s\000o\000u\000r\000c\000e}{subsection.4.9}% 81
\BOOKMARK [3][-]{subsubsection.4.9.4}{\376\377\000W\000E\000N\000O\000-\000Z\000\040\000i\000n\000t\000e\000r\000f\000a\000c\000e\000\040\000f\000l\000u\000x}{subsection.4.9}% 82
\BOOKMARK [3][-]{subsubsection.4.9.5}{\376\377\000W\000E\000N\000O\000\040\000R\000u\000n\000g\000e\040\023\000K\000u\000t\000t\000a\000\040\000u\000p\000d\000a\000t\000e}{subsection.4.9}% 83
\BOOKMARK [3][-]{subsubsection.4.9.6}{\376\377\000W\000E\000N\000O\000\040\000o\000u\000t\000p\000u\000t\000\040\000d\000i\000a\000g\000n\000o\000s\000t\000i\000c\000s}{subsection.4.9}% 84
\BOOKMARK [2][-]{subsection.4.10}{\376\377\000D\000i\000r\000e\000c\000t\000\040\000c\000h\000a\000r\000a\000c\000t\000e\000r\000i\000s\000t\000i\000c\000-\000i\000n\000t\000e\000g\000r\000a\000t\000i\000o\000n\000\040\000s\000o\000l\000v\000e\000r}{section.4}% 85
\BOOKMARK [3][-]{subsubsection.4.10.1}{\376\377\000C\000h\000a\000r\000a\000c\000t\000e\000r\000i\000s\000t\000i\000c\000\040\000s\000t\000a\000t\000e}{subsection.4.10}% 86
\BOOKMARK [3][-]{subsubsection.4.10.2}{\376\377\000C\000h\000a\000r\000a\000c\000t\000e\000r\000i\000s\000t\000i\000c\000\040\000l\000o\000c\000a\000l\000\040\000s\000h\000o\000c\000k\000\040\000s\000c\000a\000l\000e\000s}{subsection.4.10}% 87
\BOOKMARK [3][-]{subsubsection.4.10.3}{\376\377\000C\000h\000a\000r\000a\000c\000t\000e\000r\000i\000s\000t\000i\000c\000\040\000r\000a\000d\000i\000a\000l\000\040\000s\000u\000b\000s\000t\000e\000p\000s}{subsection.4.10}% 88
\BOOKMARK [3][-]{subsubsection.4.10.4}{\376\377\000C\000h\000a\000r\000a\000c\000t\000e\000r\000i\000s\000t\000i\000c\000\040\000a\000d\000a\000p\000t\000i\000v\000e\000\040\000a\000c\000c\000e\000p\000t\000a\000n\000c\000e}{subsection.4.10}% 89
\BOOKMARK [3][-]{subsubsection.4.10.5}{\376\377\000C\000h\000a\000r\000a\000c\000t\000e\000r\000i\000s\000t\000i\000c\000\040\000f\000i\000n\000i\000t\000e\000-\000s\000h\000e\000l\000l\000\040\000s\000o\000u\000r\000c\000e}{subsection.4.10}% 90
\BOOKMARK [3][-]{subsubsection.4.10.6}{\376\377\000C\000h\000a\000r\000a\000c\000t\000e\000r\000i\000s\000t\000i\000c\000\040\000c\000o\000o\000l\000i\000n\000g\000\040\000m\000a\000p}{subsection.4.10}% 91
\BOOKMARK [3][-]{subsubsection.4.10.7}{\376\377\000C\000h\000a\000r\000a\000c\000t\000e\000r\000i\000s\000t\000i\000c\000\040\000c\000o\000n\000s\000e\000r\000v\000a\000t\000i\000v\000e\000\040\000r\000e\000m\000a\000p}{subsection.4.10}% 92
\BOOKMARK [3][-]{subsubsection.4.10.8}{\376\377\000C\000h\000a\000r\000a\000c\000t\000e\000r\000i\000s\000t\000i\000c\000\040\000o\000u\000t\000p\000u\000t\000\040\000d\000i\000a\000g\000n\000o\000s\000t\000i\000c\000s}{subsection.4.10}% 93
\BOOKMARK [2][-]{subsection.4.11}{\376\377\000D\000i\000s\000c\000o\000n\000t\000i\000n\000u\000o\000u\000s\000-\000G\000a\000l\000e\000r\000k\000i\000n\000\040\000s\000o\000l\000v\000e\000r}{section.4}% 94
\BOOKMARK [3][-]{subsubsection.4.11.1}{\376\377\000D\000G\000\040\000s\000t\000a\000t\000e\000\040\000a\000n\000d\000\040\000n\000o\000d\000a\000l\000\040\000r\000e\000p\000r\000e\000s\000e\000n\000t\000a\000t\000i\000o\000n}{subsection.4.11}% 95
\BOOKMARK [3][-]{subsubsection.4.11.2}{\376\377\000D\000G\000\040\000s\000h\000e\000l\000l\000\040\000s\000c\000a\000l\000e\000s\000\040\000a\000n\000d\000\040\000a\000c\000t\000i\000v\000e\000\040\000s\000u\000p\000p\000o\000r\000t}{subsection.4.11}% 96
\BOOKMARK [3][-]{subsubsection.4.11.3}{\376\377\000D\000G\000\040\000a\000c\000t\000i\000v\000e\000-\000s\000u\000p\000p\000o\000r\000t\000\040\000r\000e\000m\000e\000s\000h}{subsection.4.11}% 97
\BOOKMARK [3][-]{subsubsection.4.11.4}{\376\377\000D\000G\000\040\000r\000a\000d\000i\000a\000l\000\040\000s\000u\000b\000s\000t\000e\000p\000s\000\040\000a\000n\000d\000\040\000d\000e\000n\000s\000i\000t\000y\000\040\000j\000u\000m\000p\000s}{subsection.4.11}% 98
\BOOKMARK [3][-]{subsubsection.4.11.5}{\376\377\000D\000G\000\040\000f\000i\000n\000i\000t\000e\000-\000s\000h\000e\000l\000l\000\040\000s\000o\000u\000r\000c\000e\000\040\000a\000n\000d\000\040\000c\000o\000o\000l\000i\000n\000g}{subsection.4.11}% 99
\BOOKMARK [3][-]{subsubsection.4.11.6}{\376\377\000D\000G\000\040\000o\000u\000t\000p\000u\000t\000\040\000p\000r\000o\000j\000e\000c\000t\000i\000o\000n}{subsection.4.11}% 100
\BOOKMARK [3][-]{subsubsection.4.11.7}{\376\377\000D\000G\000\040\000s\000o\000u\000r\000c\000e\000\040\000p\000r\000o\000j\000e\000c\000t\000i\000o\000n}{subsection.4.11}% 101
\BOOKMARK [3][-]{subsubsection.4.11.8}{\376\377\000D\000G\000\040\000i\000m\000p\000l\000i\000c\000i\000t\000\040\000t\000r\000a\000n\000s\000p\000o\000r\000t\000\040\000s\000o\000l\000v\000e}{subsection.4.11}% 102
\BOOKMARK [3][-]{subsubsection.4.11.9}{\376\377\000D\000G\000\040\000c\000o\000n\000s\000e\000r\000v\000a\000t\000i\000v\000e\000\040\000r\000e\000m\000a\000p\000\040\000a\000n\000d\000\040\000p\000o\000s\000i\000t\000i\000v\000i\000t\000y}{subsection.4.11}% 103
\BOOKMARK [3][-]{subsubsection.4.11.10}{\376\377\000D\000G\000\040\000c\000h\000a\000r\000a\000c\000t\000e\000r\000i\000s\000t\000i\000c\000\040\000p\000r\000o\000j\000e\000c\000t\000o\000r}{subsection.4.11}% 104
\BOOKMARK [2][-]{subsection.4.12}{\376\377\000C\000o\000o\000l\000i\000n\000g\000\040\000a\000s\000s\000e\000m\000b\000l\000e\000r}{section.4}% 105
\BOOKMARK [3][-]{subsubsection.4.12.1}{\376\377\000R\000a\000d\000i\000a\000l\000\040\000l\000o\000s\000s\000\040\000s\000t\000a\000t\000e}{subsection.4.12}% 106
\BOOKMARK [3][-]{subsubsection.4.12.2}{\376\377\000C\000o\000o\000l\000i\000n\000g\000-\000b\000r\000a\000n\000c\000h\000\040\000a\000s\000s\000e\000m\000b\000l\000y}{subsection.4.12}% 107
\BOOKMARK [2][-]{subsection.4.13}{\376\377\000N\000a\000k\000a\000r\000\040\000a\000n\000a\000l\000y\000t\000i\000c\000\040\000C\000o\000m\000p\000t\000o\000n\000\040\000c\000l\000o\000s\000u\000r\000e}{section.4}% 108
\BOOKMARK [2][-]{subsection.4.14}{\376\377\000F\000a\000n\000\040\000K\000l\000e\000i\000n\040\023\000N\000i\000s\000h\000i\000n\000a\000\040\000C\000o\000m\000p\000t\000o\000n\000\040\000c\000l\000o\000s\000u\000r\000e}{section.4}% 109
\BOOKMARK [2][-]{subsection.4.15}{\376\377\000C\000o\000o\000l\000i\000n\000g\000-\000b\000r\000a\000n\000c\000h\000\040\000b\000o\000u\000n\000d\000a\000r\000y}{section.4}% 110
\BOOKMARK [2][-]{subsection.4.16}{\376\377\000S\000y\000n\000c\000h\000r\000o\000t\000r\000o\000n\000-\000s\000e\000l\000f\000-\000a\000b\000s\000o\000r\000p\000t\000i\000o\000n\000\040\000h\000e\000a\000t\000i\000n\000g\000\040\000k\000e\000r\000n\000e\000l}{section.4}% 111
\BOOKMARK [3][-]{subsubsection.4.16.1}{\376\377\000S\000S\000A\000\040\000t\000a\000r\000g\000e\000t\000\040\000p\000h\000o\000t\000o\000n\000\040\000s\000t\000a\000t\000e}{subsection.4.16}% 112
\BOOKMARK [3][-]{subsubsection.4.16.2}{\376\377\000S\000S\000A\000\040\000s\000i\000n\000g\000l\000e\000-\000p\000a\000r\000t\000i\000c\000l\000e\000\040\000f\000i\000t}{subsection.4.16}% 113
\BOOKMARK [3][-]{subsubsection.4.16.3}{\376\377\000S\000S\000A\000\040\000q\000u\000a\000d\000r\000a\000t\000u\000r\000e}{subsection.4.16}% 114
\BOOKMARK [2][-]{subsection.4.17}{\376\377\000G\000r\000i\000d\000-\000l\000e\000v\000e\000l\000\040\000i\000n\000v\000e\000r\000s\000e\000-\000C\000o\000m\000p\000t\000o\000n\000\040\000c\000o\000o\000l\000i\000n\000g\000\040\000k\000e\000r\000n\000e\000l}{section.4}% 115
\BOOKMARK [3][-]{subsubsection.4.17.1}{\376\377\000I\000C\000\040\000s\000e\000e\000d\000\040\000g\000r\000i\000d}{subsection.4.17}% 116
\BOOKMARK [3][-]{subsubsection.4.17.2}{\376\377\000I\000C\000\040\000k\000i\000n\000e\000m\000a\000t\000i\000c\000\040\000k\000e\000r\000n\000e\000l}{subsection.4.17}% 117
\BOOKMARK [3][-]{subsubsection.4.17.3}{\376\377\000I\000C\000\040\000l\000o\000s\000s\000\040\000c\000o\000e\000f\000f\000i\000c\000i\000e\000n\000t}{subsection.4.17}% 118
\BOOKMARK [3][-]{subsubsection.4.17.4}{\376\377\000C\000o\000u\000p\000l\000e\000d\000-\000b\000u\000d\000g\000e\000t\000\040\000I\000C\000\040\000c\000o\000e\000f\000f\000i\000c\000i\000e\000n\000t}{subsection.4.17}% 119
\BOOKMARK [2][-]{subsection.4.18}{\376\377\000S\000y\000n\000c\000h\000r\000o\000t\000r\000o\000n\000\040\000e\000m\000i\000s\000s\000i\000v\000i\000t\000y\000\040\000q\000u\000a\000d\000r\000a\000t\000u\000r\000e}{section.4}% 120
\BOOKMARK [3][-]{subsubsection.4.18.1}{\376\377\000L\000o\000c\000a\000l\000\040\000s\000y\000n\000c\000h\000r\000o\000t\000r\000o\000n\000\040\000e\000m\000i\000s\000s\000i\000v\000i\000t\000y}{subsection.4.18}% 121
\BOOKMARK [3][-]{subsubsection.4.18.2}{\376\377\000S\000i\000n\000g\000l\000e\000-\000p\000a\000r\000t\000i\000c\000l\000e\000\040\000f\000i\000t}{subsection.4.18}% 122
\BOOKMARK [3][-]{subsubsection.4.18.3}{\376\377\000F\000i\000x\000e\000d\000-\000g\000r\000i\000d\000\040\000e\000m\000i\000s\000s\000i\000v\000i\000t\000y\000\040\000q\000u\000a\000d\000r\000a\000t\000u\000r\000e}{subsection.4.18}% 123
\BOOKMARK [2][-]{subsection.4.19}{\376\377\000S\000y\000n\000c\000h\000r\000o\000t\000r\000o\000n\000\040\000s\000e\000l\000f\000-\000a\000b\000s\000o\000r\000p\000t\000i\000o\000n\000\040\000s\000h\000e\000l\000l\000\040\000t\000r\000a\000n\000s\000f\000e\000r}{section.4}% 124
\BOOKMARK [3][-]{subsubsection.4.19.1}{\376\377\000S\000e\000l\000f\000-\000a\000b\000s\000o\000r\000p\000t\000i\000o\000n\000\040\000d\000e\000p\000t\000h}{subsection.4.19}% 125
\BOOKMARK [3][-]{subsubsection.4.19.2}{\376\377\000F\000i\000n\000i\000t\000e\000-\000c\000e\000l\000l\000\040\000t\000r\000a\000n\000s\000f\000e\000r\000\040\000a\000n\000d\000\040\000s\000e\000e\000d\000\040\000p\000h\000o\000t\000o\000n\000s}{subsection.4.19}% 126
\BOOKMARK [2][-]{subsection.4.20}{\376\377\000C\000y\000c\000l\000o\000t\000r\000o\000n\000-\000b\000i\000n\000\040\000s\000y\000n\000c\000h\000r\000o\000t\000r\000o\000n\000\040\000e\000x\000t\000e\000n\000s\000i\000o\000n}{section.4}% 127
\BOOKMARK [2][-]{subsection.4.21}{\376\377\000P\000o\000s\000i\000t\000i\000v\000e\000-\000f\000i\000e\000l\000d\000\040\000r\000a\000d\000i\000a\000t\000i\000o\000n\000\040\000i\000n\000t\000e\000r\000p\000o\000l\000a\000t\000i\000o\000n}{section.4}% 128
\BOOKMARK [3][-]{subsubsection.4.21.1}{\376\377\000P\000o\000w\000e\000r\000-\000l\000a\000w\000\040\000p\000o\000s\000i\000t\000i\000v\000e\000\040\000b\000r\000a\000n\000c\000h}{subsection.4.21}% 129
\BOOKMARK [2][-]{subsection.4.22}{\376\377\000L\000o\000g\000-\000G\000a\000u\000s\000s\000\040\000r\000a\000d\000i\000a\000t\000i\000o\000n\000\040\000q\000u\000a\000d\000r\000a\000t\000u\000r\000e}{section.4}% 130
\BOOKMARK [3][-]{subsubsection.4.22.1}{\376\377\000R\000e\000d\000u\000c\000e\000d\000\040\000f\000r\000e\000q\000u\000e\000n\000c\000y\000\040\000g\000r\000i\000d}{subsection.4.22}% 131
\BOOKMARK [2][-]{subsection.4.23}{\376\377\000S\000S\000A\000\040\000h\000e\000a\000t\000i\000n\000g\000\040\000s\000e\000g\000m\000e\000n\000t\000\040\000q\000u\000a\000d\000r\000a\000t\000u\000r\000e}{section.4}% 132
\BOOKMARK [2][-]{subsection.4.24}{\376\377\000S\000e\000l\000f\000-\000a\000b\000s\000o\000r\000p\000t\000i\000o\000n\000\040\000f\000r\000e\000q\000u\000e\000n\000c\000y\000\040\000s\000o\000l\000v\000e\000r}{section.4}% 133
\BOOKMARK [3][-]{subsubsection.4.24.1}{\376\377\000A\000d\000a\000p\000t\000i\000v\000e\000\040\000e\000m\000i\000s\000s\000i\000v\000i\000t\000y\000\040\000a\000n\000d\000\040\000o\000p\000a\000c\000i\000t\000y\000\040\000q\000u\000a\000d\000r\000a\000t\000u\000r\000e}{subsection.4.24}% 134
\BOOKMARK [3][-]{subsubsection.4.24.2}{\376\377\000S\000e\000l\000f\000-\000a\000b\000s\000o\000r\000p\000t\000i\000o\000n\000\040\000r\000o\000o\000t}{subsection.4.24}% 135
\BOOKMARK [2][-]{subsection.4.25}{\376\377\000S\000y\000n\000c\000h\000r\000o\000t\000r\000o\000n\000\040\000p\000o\000l\000a\000r\000i\000z\000a\000t\000i\000o\000n\000\040\000k\000e\000r\000n\000e\000l}{section.4}% 136
\BOOKMARK [3][-]{subsubsection.4.25.1}{\376\377\000I\000n\000t\000r\000i\000n\000s\000i\000c\000\040\000p\000o\000l\000a\000r\000i\000z\000a\000t\000i\000o\000n\000\040\000k\000e\000r\000n\000e\000l\000s}{subsection.4.25}% 137
\BOOKMARK [3][-]{subsubsection.4.25.2}{\376\377\000A\000s\000y\000m\000p\000t\000o\000t\000i\000c\000\040\000a\000n\000d\000\040\000q\000u\000a\000d\000r\000a\000t\000u\000r\000e\000\040\000b\000r\000a\000n\000c\000h\000e\000s}{subsection.4.25}% 138
\BOOKMARK [3][-]{subsubsection.4.25.3}{\376\377\000P\000o\000l\000a\000r\000i\000z\000e\000d\000\040\000l\000u\000m\000i\000n\000o\000s\000i\000t\000y\000\040\000a\000s\000s\000e\000m\000b\000l\000y}{subsection.4.25}% 139
\BOOKMARK [3][-]{subsubsection.4.25.4}{\376\377\000T\000h\000e\000r\000m\000a\000l\000\040\000B\000e\000s\000s\000e\000l\000\040\000t\000a\000b\000l\000e}{subsection.4.25}% 140
\BOOKMARK [2][-]{subsection.4.26}{\376\377\000A\000d\000a\000p\000t\000i\000v\000e\000\040\000r\000a\000d\000i\000a\000t\000i\000o\000n\000-\000g\000r\000i\000d\000\040\000r\000e\000s\000a\000m\000p\000l\000i\000n\000g}{section.4}% 141
\BOOKMARK [3][-]{subsubsection.4.26.1}{\376\377\000A\000c\000t\000i\000v\000e\000\040\000s\000u\000p\000p\000o\000r\000t\000\040\000s\000e\000l\000e\000c\000t\000i\000o\000n}{subsection.4.26}% 142
\BOOKMARK [3][-]{subsubsection.4.26.2}{\376\377\000L\000o\000g\000-\000s\000l\000o\000p\000e\000\040\000a\000n\000d\000\040\000c\000u\000r\000v\000a\000t\000u\000r\000e\000\040\000e\000s\000t\000i\000m\000a\000t\000o\000r}{subsection.4.26}% 143
\BOOKMARK [3][-]{subsubsection.4.26.3}{\376\377\000C\000u\000r\000v\000a\000t\000u\000r\000e\000-\000w\000e\000i\000g\000h\000t\000e\000d\000\040\000s\000u\000p\000p\000o\000r\000t\000\040\000s\000e\000l\000e\000c\000t\000i\000o\000n}{subsection.4.26}% 144
\BOOKMARK [2][-]{subsection.4.27}{\376\377\000c\000h\000i\000-\000r\000e\000s\000o\000l\000v\000e\000d\000\040\000d\000o\000w\000n\000s\000t\000r\000e\000a\000m\000\040\000e\000l\000e\000c\000t\000r\000o\000n\000\040\000s\000t\000a\000t\000e}{section.4}% 145
\BOOKMARK [3][-]{subsubsection.4.27.1}{\376\377\000D\000o\000w\000n\000s\000t\000r\000e\000a\000m\000\040\000c\000o\000o\000r\000d\000i\000n\000a\000t\000e\000\040\000a\000n\000d\000\040\000c\000e\000l\000l\000\040\000a\000v\000e\000r\000a\000g\000e\000s}{subsection.4.27}% 146
\BOOKMARK [3][-]{subsubsection.4.27.2}{\376\377\000F\000i\000n\000i\000t\000e\000-\000s\000p\000e\000e\000d\000\040\000d\000o\000w\000n\000s\000t\000r\000e\000a\000m\000\040\000g\000e\000o\000m\000e\000t\000r\000y}{subsection.4.27}% 147
\BOOKMARK [3][-]{subsubsection.4.27.3}{\376\377\000P\000a\000t\000t\000e\000r\000n\000\040\000s\000p\000e\000e\000d\000\040\000a\000n\000d\000\040\000m\000a\000g\000n\000e\000t\000i\000c\000\040\000d\000e\000c\000a\000y}{subsection.4.27}% 148
\BOOKMARK [3][-]{subsubsection.4.27.4}{\376\377\000C\000e\000l\000l\000\040\000s\000y\000n\000c\000h\000r\000o\000t\000r\000o\000n\000\040\000a\000n\000d\000\040\000a\000b\000s\000o\000r\000p\000t\000i\000o\000n\000\040\000s\000t\000a\000t\000e}{subsection.4.27}% 149
\BOOKMARK [2][-]{subsection.4.28}{\376\377\000c\000h\000i\000-\000r\000e\000s\000o\000l\000v\000e\000d\000\040\000p\000h\000o\000t\000o\000n\000-\000h\000i\000s\000t\000o\000r\000y\000\040\000c\000o\000o\000l\000i\000n\000g}{section.4}% 150
\BOOKMARK [3][-]{subsubsection.4.28.1}{\376\377\000C\000a\000u\000s\000a\000l\000\040\000l\000i\000g\000h\000t\000-\000c\000o\000n\000e\000\040\000s\000u\000p\000p\000o\000r\000t}{subsection.4.28}% 151
\BOOKMARK [3][-]{subsubsection.4.28.2}{\376\377\000F\000r\000e\000q\000u\000e\000n\000c\000y\000\040\000m\000a\000p\000p\000i\000n\000g\000\040\000a\000n\000d\000\040\000p\000o\000s\000i\000t\000i\000v\000e\000-\000f\000i\000e\000l\000d\000\040\000i\000n\000t\000e\000r\000p\000o\000l\000a\000t\000i\000o\000n}{subsection.4.28}% 152
\BOOKMARK [3][-]{subsubsection.4.28.3}{\376\377\000P\000a\000t\000h\000\040\000a\000t\000t\000e\000n\000u\000a\000t\000i\000o\000n}{subsection.4.28}% 153
\BOOKMARK [3][-]{subsubsection.4.28.4}{\376\377\000H\000i\000s\000t\000o\000r\000y\000\040\000c\000o\000n\000t\000r\000i\000b\000u\000t\000i\000o\000n\000\040\000t\000o\000\040\000c\000o\000o\000l\000i\000n\000g}{subsection.4.28}% 154
\BOOKMARK [3][-]{subsubsection.4.28.5}{\376\377\000S\000t\000r\000e\000a\000m\000e\000d\000\040\000l\000i\000g\000h\000t\000-\000c\000o\000n\000e\000\040\000u\000p\000d\000a\000t\000e}{subsection.4.28}% 155
\BOOKMARK [2][-]{subsection.4.29}{\376\377\000D\000o\000w\000n\000s\000t\000r\000e\000a\000m\000\040\000q\000-\000s\000p\000a\000c\000e\000\040\000a\000d\000v\000e\000c\000t\000i\000o\000n\040\023\000d\000i\000f\000f\000u\000s\000i\000o\000n}{section.4}% 156
\BOOKMARK [3][-]{subsubsection.4.29.1}{\376\377\000q\000-\000s\000p\000a\000c\000e\000\040\000c\000o\000n\000s\000e\000r\000v\000a\000t\000i\000o\000n\000\040\000l\000a\000w}{subsection.4.29}% 157
\BOOKMARK [3][-]{subsubsection.4.29.2}{\376\377\000S\000h\000o\000c\000k\000-\000f\000r\000o\000n\000t\000\040\000s\000o\000u\000r\000c\000e\000\040\000p\000l\000a\000c\000e\000m\000e\000n\000t}{subsection.4.29}% 158
\BOOKMARK [3][-]{subsubsection.4.29.3}{\376\377\000C\000h\000a\000r\000a\000c\000t\000e\000r\000i\000s\000t\000i\000c\000\040\000a\000d\000v\000e\000c\000t\000i\000o\000n\000\040\000r\000e\000m\000a\000p}{subsection.4.29}% 159
\BOOKMARK [3][-]{subsubsection.4.29.4}{\376\377\000D\000i\000f\000f\000u\000s\000i\000o\000n\000\040\000m\000e\000t\000r\000i\000c\000\040\000a\000n\000d\000\040\000i\000m\000p\000l\000i\000c\000i\000t\000\040\000s\000o\000l\000v\000e}{subsection.4.29}% 160
\BOOKMARK [2][-]{subsection.4.30}{\376\377\000D\000o\000w\000n\000s\000t\000r\000e\000a\000m\000\040\000e\000n\000e\000r\000g\000y\000-\000s\000p\000a\000c\000e\000\040\000u\000p\000d\000a\000t\000e}{section.4}% 161
\BOOKMARK [3][-]{subsubsection.4.30.1}{\376\377\000F\000o\000u\000r\000-\000v\000e\000l\000o\000c\000i\000t\000y\000\040\000b\000r\000a\000n\000c\000h}{subsection.4.30}% 162
\BOOKMARK [3][-]{subsubsection.4.30.2}{\376\377\000L\000o\000g\000-\000g\000a\000m\000m\000a\000\040\000b\000a\000c\000k\000w\000a\000r\000d\000\040\000s\000w\000e\000e\000p}{subsection.4.30}% 163
\BOOKMARK [3][-]{subsubsection.4.30.3}{\376\377\000C\000h\000a\000r\000a\000c\000t\000e\000r\000i\000s\000t\000i\000c\000\040\000e\000n\000e\000r\000g\000y\000\040\000b\000r\000a\000n\000c\000h\000\040\000a\000n\000d\000\040\000o\000p\000t\000i\000o\000n\000a\000l\000\040\000d\000i\000f\000f\000u\000s\000i\000o\000n}{subsection.4.30}% 164
\BOOKMARK [3][-]{subsubsection.4.30.4}{\376\377\000R\000e\000t\000u\000r\000n\000e\000d\000\040\000c\000h\000i\000-\000r\000e\000s\000o\000l\000v\000e\000d\000\040\000s\000t\000a\000t\000e}{subsection.4.30}% 165
\BOOKMARK [1][-]{section.5}{\376\377\000P\000h\000o\000t\000o\000n\000\040\000F\000i\000e\000l\000d\000s\000\040\000a\000n\000d\000\040\000A\000b\000s\000o\000r\000p\000t\000i\000o\000n}{}% 166
\BOOKMARK [2][-]{subsection.5.1}{\376\377\000C\000o\000m\000o\000v\000i\000n\000g\000\040\000t\000a\000r\000g\000e\000t\000\040\000p\000h\000o\000t\000o\000n\000\040\000s\000t\000a\000t\000e}{section.5}% 167
\BOOKMARK [3][-]{subsubsection.5.1.1}{\376\377\000A\000B\000I\000\040\000b\000i\000n\000d\000i\000n\000g}{subsection.5.1}% 168
\BOOKMARK [2][-]{subsection.5.2}{\376\377\000R\000a\000d\000i\000a\000t\000i\000o\000n\000\040\000i\000n\000t\000e\000r\000p\000o\000l\000a\000t\000i\000o\000n\000\040\000r\000e\000u\000s\000e}{section.5}% 169
\BOOKMARK [2][-]{subsection.5.3}{\376\377\000C\000o\000m\000p\000o\000s\000i\000t\000e\000\040\000S\000i\000m\000p\000s\000o\000n\000\040\000r\000a\000d\000i\000a\000t\000i\000o\000n\000\040\000q\000u\000a\000d\000r\000a\000t\000u\000r\000e}{section.5}% 170
\BOOKMARK [2][-]{subsection.5.4}{\376\377\000U\000n\000i\000f\000o\000r\000m\000-\000g\000r\000i\000d\000\040\000S\000S\000C\000\040\000e\000m\000i\000s\000s\000i\000v\000i\000t\000y}{section.5}% 171
\BOOKMARK [3][-]{subsubsection.5.4.1}{\376\377\000J\000o\000n\000e\000s\040\023\000K\000l\000e\000i\000n\040\023\000N\000i\000s\000h\000i\000n\000a\000\040\000v\000a\000r\000i\000a\000b\000l\000e\000s}{subsection.5.4}% 172
\BOOKMARK [3][-]{subsubsection.5.4.2}{\376\377\000U\000n\000i\000f\000o\000r\000m\000-\000g\000r\000i\000d\000\040\000S\000i\000m\000p\000s\000o\000n\000\040\000i\000n\000t\000e\000g\000r\000a\000t\000i\000o\000n}{subsection.5.4}% 173
\BOOKMARK [2][-]{subsection.5.5}{\376\377\000N\000o\000n\000u\000n\000i\000f\000o\000r\000m\000-\000g\000r\000i\000d\000\040\000S\000S\000C\000\040\000e\000m\000i\000s\000s\000i\000v\000i\000t\000y}{section.5}% 174
\BOOKMARK [2][-]{subsection.5.6}{\376\377\000F\000i\000n\000i\000t\000e\000-\000c\000e\000l\000l\000\040\000p\000h\000o\000t\000o\000n\000\040\000t\000r\000a\000n\000s\000f\000e\000r}{section.5}% 175
\BOOKMARK [3][-]{subsubsection.5.6.1}{\376\377\000S\000h\000e\000l\000l\000\040\000t\000r\000a\000n\000s\000f\000e\000r\000\040\000f\000a\000c\000t\000o\000r}{subsection.5.6}% 176
\BOOKMARK [2][-]{subsection.5.7}{\376\377\000g\000a\000m\000m\000a\000-\000g\000a\000m\000m\000a\000\040\000s\000h\000e\000l\000l\000\040\000a\000b\000s\000o\000r\000p\000t\000i\000o\000n}{section.5}% 177
\BOOKMARK [3][-]{subsubsection.5.7.1}{\376\377\000S\000o\000f\000t\000-\000p\000h\000o\000t\000o\000n\000\040\000c\000e\000l\000l\000\040\000m\000e\000a\000s\000u\000r\000e}{subsection.5.7}% 178
\BOOKMARK [3][-]{subsubsection.5.7.2}{\376\377\000A\000n\000g\000u\000l\000a\000r\000\040\000p\000a\000i\000r\000-\000p\000r\000o\000d\000u\000c\000t\000i\000o\000n\000\040\000k\000e\000r\000n\000e\000l}{subsection.5.7}% 179
\BOOKMARK [3][-]{subsubsection.5.7.3}{\376\377\000S\000h\000e\000l\000l\000\040\000o\000p\000t\000i\000c\000a\000l\000-\000d\000e\000p\000t\000h\000\040\000a\000s\000s\000e\000m\000b\000l\000y}{subsection.5.7}% 180
\BOOKMARK [2][-]{subsection.5.8}{\376\377\000H\000e\000a\000d\000-\000o\000n\000\040\000p\000a\000t\000h\000-\000o\000p\000a\000c\000i\000t\000y\000\040\000h\000e\000l\000p\000e\000r}{section.5}% 181
\BOOKMARK [2][-]{subsection.5.9}{\376\377\000E\000x\000t\000e\000r\000n\000a\000l\000\040\000E\000B\000L\000\040\000a\000t\000t\000e\000n\000u\000a\000t\000i\000o\000n}{section.5}% 182
\BOOKMARK [3][-]{subsubsection.5.9.1}{\376\377\000T\000a\000b\000l\000e\000\040\000b\000o\000u\000n\000d\000a\000r\000y}{subsection.5.9}% 183
\BOOKMARK [3][-]{subsubsection.5.9.2}{\376\377\000R\000e\000d\000s\000h\000i\000f\000t\000\040\000a\000n\000d\000\040\000f\000r\000e\000q\000u\000e\000n\000c\000y\000\040\000i\000n\000t\000e\000r\000p\000o\000l\000a\000t\000i\000o\000n}{subsection.5.9}% 184
\BOOKMARK [3][-]{subsubsection.5.9.3}{\376\377\000E\000x\000t\000e\000r\000n\000a\000l\000\040\000a\000t\000t\000e\000n\000u\000a\000t\000i\000o\000n\000\040\000f\000a\000c\000t\000o\000r}{subsection.5.9}% 185
\BOOKMARK [2][-]{subsection.5.10}{\376\377\000O\000b\000s\000e\000r\000v\000e\000r\000-\000s\000i\000d\000e\000\040\000p\000h\000o\000t\000o\000n\000\040\000c\000o\000m\000p\000o\000n\000e\000n\000t\000\040\000a\000s\000s\000e\000m\000b\000l\000y}{section.5}% 186
\BOOKMARK [3][-]{subsubsection.5.10.1}{\376\377\000C\000o\000m\000p\000o\000n\000e\000n\000t\000\040\000o\000r\000d\000e\000r\000i\000n\000g}{subsection.5.10}% 187
\BOOKMARK [3][-]{subsubsection.5.10.2}{\376\377\000D\000i\000s\000t\000a\000n\000c\000e\000\040\000a\000n\000d\000\040\000a\000t\000t\000e\000n\000u\000a\000t\000i\000o\000n\000\040\000p\000r\000e\000f\000a\000c\000t\000o\000r}{subsection.5.10}% 188
\BOOKMARK [1][-]{section.6}{\376\377\000H\000a\000d\000r\000o\000n\000i\000c\000\040\000T\000r\000a\000n\000s\000p\000o\000r\000t\000\040\000a\000n\000d\000\040\000S\000e\000c\000o\000n\000d\000a\000r\000y\000\040\000P\000a\000i\000r\000s}{}% 189
\BOOKMARK [2][-]{subsection.6.1}{\376\377\000O\000n\000e\000-\000d\000i\000m\000e\000n\000s\000i\000o\000n\000a\000l\000\040\000a\000c\000t\000i\000v\000a\000t\000i\000o\000n\000\040\000b\000o\000u\000n\000d\000a\000r\000y}{section.6}% 190
\BOOKMARK [3][-]{subsubsection.6.1.1}{\376\377\000A\000c\000t\000i\000v\000e\000\040\000p\000h\000y\000s\000i\000c\000s\000\040\000b\000o\000u\000n\000d\000a\000r\000y}{subsection.6.1}% 191
\BOOKMARK [3][-]{subsubsection.6.1.2}{\376\377\000S\000u\000p\000p\000o\000r\000t\000e\000d\000\040\000h\000a\000d\000r\000o\000n\000i\000c\000\040\000b\000r\000a\000n\000c\000h\000e\000s}{subsection.6.1}% 192
\BOOKMARK [2][-]{subsection.6.2}{\376\377\000H\000a\000d\000r\000o\000n\000i\000c\000\040\000A\000B\000I\000\040\000b\000o\000u\000n\000d\000a\000r\000y}{section.6}% 193
\BOOKMARK [3][-]{subsubsection.6.2.1}{\376\377\000P\000a\000c\000k\000a\000g\000e\000\040\000b\000i\000n\000d\000i\000n\000g}{subsection.6.2}% 194
\BOOKMARK [2][-]{subsection.6.3}{\376\377\000H\000a\000d\000r\000o\000n\000i\000c\000\040\000b\000a\000s\000e\000\040\000g\000r\000i\000d}{section.6}% 195
\BOOKMARK [3][-]{subsubsection.6.3.1}{\376\377\000L\000o\000g\000-\000L\000o\000r\000e\000n\000t\000z\000\040\000g\000r\000i\000d}{subsection.6.3}% 196
\BOOKMARK [3][-]{subsubsection.6.3.2}{\376\377\000C\000e\000l\000l\000\040\000f\000a\000c\000e\000s\000\040\000a\000n\000d\000\040\000s\000h\000e\000l\000l\000\040\000t\000i\000m\000e}{subsection.6.3}% 197
\BOOKMARK [3][-]{subsubsection.6.3.3}{\376\377\000L\000e\000g\000a\000c\000y\000\040\000m\000a\000x\000i\000m\000u\000m\000-\000e\000n\000e\000r\000g\000y\000\040\000e\000s\000t\000i\000m\000a\000t\000e}{subsection.6.3}% 198
\BOOKMARK [2][-]{subsection.6.4}{\376\377\000Q\000u\000a\000n\000t\000u\000m\000-\000s\000y\000n\000c\000h\000r\000o\000t\000r\000o\000n\000\040\000h\000e\000l\000p\000e\000r}{section.6}% 199
\BOOKMARK [3][-]{subsubsection.6.4.1}{\376\377\000Q\000E\000D\000\040\000i\000n\000v\000a\000r\000i\000a\000n\000t}{subsection.6.4}% 200
\BOOKMARK [3][-]{subsubsection.6.4.2}{\376\377\000C\000o\000o\000l\000i\000n\000g\000\040\000s\000u\000p\000p\000r\000e\000s\000s\000i\000o\000n\000\040\000f\000a\000c\000t\000o\000r}{subsection.6.4}% 201
\BOOKMARK [2][-]{subsection.6.5}{\376\377\000H\000a\000d\000r\000o\000n\000i\000c\000\040\000s\000p\000e\000c\000i\000e\000s\000\040\000s\000t\000a\000t\000e}{section.6}% 202
\BOOKMARK [3][-]{subsubsection.6.5.1}{\376\377\000R\000e\000t\000u\000r\000n\000e\000d\000\040\000s\000p\000e\000c\000i\000e\000s\000\040\000s\000t\000a\000t\000e}{subsection.6.5}% 203
\BOOKMARK [2][-]{subsection.6.6}{\376\377\000P\000r\000o\000t\000o\000n\000\040\000p\000r\000o\000c\000e\000s\000s\000-\000o\000p\000e\000r\000a\000t\000o\000r\000\040\000e\000q\000u\000a\000t\000i\000o\000n}{section.6}% 204
\BOOKMARK [2][-]{subsection.6.7}{\376\377\000H\000a\000d\000r\000o\000n\000i\000c\000\040\000s\000p\000e\000c\000i\000e\000s\000\040\000i\000d\000e\000n\000t\000i\000f\000i\000e\000r\000s}{section.6}% 205
\BOOKMARK [3][-]{subsubsection.6.7.1}{\376\377\000M\000a\000s\000s\000\040\000a\000n\000d\000\040\000c\000h\000a\000r\000g\000e\000\040\000m\000a\000p}{subsection.6.7}% 206
\BOOKMARK [2][-]{subsection.6.8}{\376\377\000F\000o\000r\000w\000a\000r\000d\000-\000s\000h\000o\000c\000k\000\040\000p\000r\000o\000t\000o\000n\000\040\000e\000n\000e\000r\000g\000y\000\040\000b\000u\000d\000g\000e\000t}{section.6}% 207
\BOOKMARK [2][-]{subsection.6.9}{\376\377\000H\000a\000d\000r\000o\000n\000i\000c\000\040\000i\000n\000j\000e\000c\000t\000i\000o\000n\000\040\000s\000p\000e\000c\000t\000r\000u\000m}{section.6}% 208
\BOOKMARK [2][-]{subsection.6.10}{\376\377\000H\000a\000d\000r\000o\000n\000i\000c\000\040\000s\000o\000u\000r\000c\000e\000\040\000n\000o\000r\000m\000a\000l\000i\000z\000a\000t\000i\000o\000n}{section.6}% 209
\BOOKMARK [2][-]{subsection.6.11}{\376\377\000H\000a\000d\000r\000o\000n\000i\000c\000\040\000a\000c\000c\000e\000l\000e\000r\000a\000t\000i\000o\000n\000\040\000l\000i\000m\000i\000t\000s}{section.6}% 210
\BOOKMARK [2][-]{subsection.6.12}{\376\377\000E\000x\000t\000e\000r\000n\000a\000l\000\040\000h\000a\000d\000r\000o\000n\000i\000c\000\040\000c\000o\000o\000l\000i\000n\000g\000\040\000l\000i\000m\000i\000t}{section.6}% 211
\BOOKMARK [2][-]{subsection.6.13}{\376\377\000B\000e\000t\000h\000e\000-\000H\000e\000i\000t\000l\000e\000r\000\040\000p\000a\000i\000r\000-\000p\000r\000o\000d\000u\000c\000t\000i\000o\000n\000\040\000k\000e\000r\000n\000e\000l}{section.6}% 212
\BOOKMARK [3][-]{subsubsection.6.13.1}{\376\377\000K\000i\000n\000e\000m\000a\000t\000i\000c\000\040\000v\000a\000r\000i\000a\000b\000l\000e\000s\000\040\000a\000n\000d\000\040\000t\000h\000r\000e\000s\000h\000o\000l\000d}{subsection.6.13}% 213
\BOOKMARK [3][-]{subsubsection.6.13.2}{\376\377\000D\000i\000f\000f\000e\000r\000e\000n\000t\000i\000a\000l\000\040\000p\000a\000i\000r\000\040\000k\000e\000r\000n\000e\000l}{subsection.6.13}% 214
\BOOKMARK [3][-]{subsubsection.6.13.3}{\376\377\000F\000i\000t\000-\000d\000o\000m\000a\000i\000n\000\040\000a\000n\000d\000\040\000q\000u\000a\000d\000r\000a\000t\000u\000r\000e\000\040\000c\000o\000n\000t\000r\000o\000l\000s}{subsection.6.13}% 215
\BOOKMARK [3][-]{subsubsection.6.13.4}{\376\377\000S\000e\000c\000o\000n\000d\000a\000r\000y\000-\000p\000a\000i\000r\000\040\000s\000o\000u\000r\000c\000e}{subsection.6.13}% 216
\BOOKMARK [3][-]{subsubsection.6.13.5}{\376\377\000T\000a\000r\000g\000e\000t\000-\000p\000h\000o\000t\000o\000n\000\040\000s\000i\000n\000k}{subsection.6.13}% 217
\BOOKMARK [3][-]{subsubsection.6.13.6}{\376\377\000P\000r\000o\000t\000o\000n\000\040\000c\000o\000o\000l\000i\000n\000g\000\040\000r\000a\000t\000e}{subsection.6.13}% 218
\BOOKMARK [3][-]{subsubsection.6.13.7}{\376\377\000C\000h\000o\000d\000o\000r\000o\000w\000s\000k\000i\000\040\000l\000o\000s\000s\000\040\000f\000i\000t}{subsection.6.13}% 219
\BOOKMARK [2][-]{subsection.6.14}{\376\377\000P\000r\000o\000t\000o\000n\000\040\000t\000r\000a\000n\000s\000p\000o\000r\000t\000\040\000o\000p\000e\000r\000a\000t\000o\000r}{section.6}% 220
\BOOKMARK [3][-]{subsubsection.6.14.1}{\376\377\000L\000o\000g\000-\000g\000a\000m\000m\000a\000-\000p\000\040\000c\000o\000n\000s\000e\000r\000v\000a\000t\000i\000o\000n\000\040\000l\000a\000w}{subsection.6.14}% 221
\BOOKMARK [3][-]{subsubsection.6.14.2}{\376\377\000B\000a\000s\000e\000l\000i\000n\000e\000\040\000p\000r\000o\000t\000o\000n\000\040\000l\000o\000s\000s\000e\000s}{subsection.6.14}% 222
\BOOKMARK [2][-]{subsection.6.15}{\376\377\000p\000-\000g\000a\000m\000m\000a\000\040\000s\000h\000e\000l\000l\000\040\000s\000u\000r\000v\000i\000v\000a\000l\000\040\000o\000p\000e\000r\000a\000t\000o\000r}{section.6}% 223
\BOOKMARK [2][-]{subsection.6.16}{\376\377\000S\000e\000c\000o\000n\000d\000a\000r\000y\000-\000s\000p\000e\000c\000i\000e\000s\000\040\000s\000o\000u\000r\000c\000e\000\040\000o\000p\000e\000r\000a\000t\000o\000r\000s}{section.6}% 224
\BOOKMARK [3][-]{subsubsection.6.16.1}{\376\377\000p\000-\000g\000a\000m\000m\000a\000\040\000r\000e\000s\000p\000o\000n\000s\000e\000\040\000p\000r\000o\000d\000u\000c\000t\000s}{subsection.6.16}% 225
\BOOKMARK [3][-]{subsubsection.6.16.2}{\376\377\000p\000p\000\040\000d\000e\000l\000t\000a\000\040\000s\000o\000u\000r\000c\000e}{subsection.6.16}% 226
\BOOKMARK [3][-]{subsubsection.6.16.3}{\376\377\000B\000e\000t\000h\000e\000-\000H\000e\000i\000t\000l\000e\000r\000\040\000p\000a\000i\000r\000\040\000h\000a\000n\000d\000o\000f\000f}{subsection.6.16}% 227
\BOOKMARK [2][-]{subsection.6.17}{\376\377\000J\000o\000i\000n\000t\000\040\000e\000l\000e\000c\000t\000r\000o\000n\040\023\000p\000h\000o\000t\000o\000n\040\023\000h\000a\000d\000r\000o\000n\000\040\000f\000e\000e\000d\000b\000a\000c\000k\000\040\000i\000t\000e\000r\000a\000t\000i\000o\000n}{section.6}% 228
\BOOKMARK [3][-]{subsubsection.6.17.1}{\376\377\000L\000o\000c\000a\000l\000\040\000f\000i\000x\000e\000d\000-\000p\000o\000i\000n\000t\000\040\000s\000e\000q\000u\000e\000n\000c\000e}{subsection.6.17}% 229
\BOOKMARK [3][-]{subsubsection.6.17.2}{\376\377\000C\000a\000s\000c\000a\000d\000e\000\040\000b\000r\000a\000n\000c\000h\000\040\000b\000o\000u\000n\000d\000a\000r\000y}{subsection.6.17}% 230
\BOOKMARK [2][-]{subsection.6.18}{\376\377\000S\000h\000e\000l\000l\000-\000s\000e\000q\000u\000e\000n\000c\000e\000\040\000p\000a\000i\000r\000-\000c\000a\000s\000c\000a\000d\000e\000\040\000a\000l\000g\000o\000r\000i\000t\000h\000m}{section.6}% 231
\BOOKMARK [3][-]{subsubsection.6.18.1}{\376\377\000P\000a\000i\000r\000\040\000g\000r\000i\000d\000\040\000a\000n\000d\000\040\000e\000s\000c\000a\000p\000e\000\040\000t\000i\000m\000e}{subsection.6.18}% 232
\BOOKMARK [3][-]{subsubsection.6.18.2}{\376\377\000g\000a\000m\000m\000a\000-\000g\000a\000m\000m\000a\000\040\000s\000o\000u\000r\000c\000e\000\040\000e\000v\000a\000l\000u\000a\000t\000i\000o\000n}{subsection.6.18}% 233
\BOOKMARK [3][-]{subsubsection.6.18.3}{\376\377\000F\000i\000n\000i\000t\000e\000-\000g\000r\000i\000d\000\040\000p\000a\000i\000r\000\040\000c\000o\000o\000l\000i\000n\000g}{subsection.6.18}% 234
\BOOKMARK [3][-]{subsubsection.6.18.4}{\376\377\000P\000h\000o\000t\000o\000n\000-\000d\000e\000n\000s\000i\000t\000y\000\040\000t\000r\000a\000n\000s\000f\000e\000r}{subsection.6.18}% 235
\BOOKMARK [2][-]{subsection.6.19}{\376\377\000S\000i\000n\000g\000l\000e\000-\000s\000h\000e\000l\000l\000\040\000p\000a\000i\000r\000-\000s\000y\000n\000c\000h\000r\000o\000t\000r\000o\000n\000\040\000d\000i\000a\000g\000n\000o\000s\000t\000i\000c}{section.6}% 236
\BOOKMARK [3][-]{subsubsection.6.19.1}{\376\377\000C\000o\000o\000l\000i\000n\000g\000\040\000t\000r\000a\000c\000k}{subsection.6.19}% 237
\BOOKMARK [3][-]{subsubsection.6.19.2}{\376\377\000D\000i\000a\000g\000n\000o\000s\000t\000i\000c\000\040\000e\000m\000i\000s\000s\000i\000v\000i\000t\000y}{subsection.6.19}% 238
\BOOKMARK [1][-]{section.7}{\376\377\000R\000e\000v\000e\000r\000s\000e\000\040\000S\000h\000o\000c\000k\000s\000\040\000a\000n\000d\000\040\000D\000e\000n\000s\000i\000t\000y\000-\000J\000u\000m\000p\000\040\000S\000e\000c\000o\000n\000d\000a\000r\000y\000\040\000S\000h\000o\000c\000k\000s}{}% 239
\BOOKMARK [2][-]{subsection.7.1}{\376\377\000P\000r\000i\000m\000a\000r\000y\000\040\000e\000j\000e\000c\000t\000a\000\040\000s\000t\000a\000t\000e\000\040\000a\000n\000d\000\040\000a\000c\000t\000i\000v\000a\000t\000i\000o\000n}{section.7}% 240
\BOOKMARK [3][-]{subsubsection.7.1.1}{\376\377\000A\000c\000t\000i\000v\000a\000t\000i\000o\000n\000\040\000b\000o\000u\000n\000d\000a\000r\000y}{subsection.7.1}% 241
\BOOKMARK [3][-]{subsubsection.7.1.2}{\376\377\000E\000j\000e\000c\000t\000a\000\040\000s\000h\000e\000l\000l\000\040\000s\000t\000a\000t\000e}{subsection.7.1}% 242
\BOOKMARK [3][-]{subsubsection.7.1.3}{\376\377\000S\000h\000o\000c\000k\000-\000f\000r\000o\000n\000t\000\040\000r\000e\000l\000a\000t\000i\000v\000e\000\040\000L\000o\000r\000e\000n\000t\000z\000\040\000f\000a\000c\000t\000o\000r}{subsection.7.1}% 243
\BOOKMARK [3][-]{subsubsection.7.1.4}{\376\377\000M\000a\000g\000n\000e\000t\000i\000z\000e\000d\000\040\000a\000c\000t\000i\000v\000a\000t\000i\000o\000n\000\040\000c\000r\000i\000t\000e\000r\000i\000a}{subsection.7.1}% 244
\BOOKMARK [3][-]{subsubsection.7.1.5}{\376\377\000W\000a\000i\000t\000i\000n\000g\000-\000s\000t\000a\000t\000e\000\040\000i\000n\000e\000r\000t\000i\000a}{subsection.7.1}% 245
\BOOKMARK [2][-]{subsection.7.2}{\376\377\000F\000i\000n\000i\000t\000e\000-\000s\000t\000r\000e\000n\000g\000t\000h\000\040\000M\000H\000D\000\040\000j\000u\000m\000p\000\040\000s\000o\000l\000v\000e\000r}{section.7}% 246
\BOOKMARK [3][-]{subsubsection.7.2.1}{\376\377\000C\000o\000l\000d\000\040\000u\000p\000s\000t\000r\000e\000a\000m\000\040\000v\000a\000r\000i\000a\000b\000l\000e\000s}{subsection.7.2}% 247
\BOOKMARK [3][-]{subsubsection.7.2.2}{\376\377\000C\000u\000b\000i\000c\000\040\000r\000o\000o\000t\000\040\000s\000e\000l\000e\000c\000t\000i\000o\000n}{subsection.7.2}% 248
\BOOKMARK [3][-]{subsubsection.7.2.3}{\376\377\000C\000o\000m\000p\000r\000e\000s\000s\000i\000o\000n\000\040\000r\000a\000t\000i\000o}{subsection.7.2}% 249
\BOOKMARK [3][-]{subsubsection.7.2.4}{\376\377\000L\000o\000w\000-\000s\000i\000g\000m\000a\000\040\000h\000y\000d\000r\000o\000d\000y\000n\000a\000m\000i\000c\000\040\000b\000r\000a\000n\000c\000h}{subsection.7.2}% 250
\BOOKMARK [2][-]{subsection.7.3}{\376\377\000C\000o\000m\000o\000v\000i\000n\000g\000\040\000r\000e\000g\000i\000o\000n\000-\0003\000\040\000f\000i\000e\000l\000d\000\040\000a\000n\000d\000\040\000h\000e\000a\000t\000\040\000s\000t\000a\000t\000e}{section.7}% 251
\BOOKMARK [3][-]{subsubsection.7.3.1}{\376\377\000U\000p\000s\000t\000r\000e\000a\000m\000\040\000o\000r\000d\000e\000r\000e\000d\000\040\000f\000i\000e\000l\000d}{subsection.7.3}% 252
\BOOKMARK [3][-]{subsubsection.7.3.2}{\376\377\000T\000u\000r\000b\000u\000l\000e\000n\000t\000\040\000a\000n\000d\000\040\000o\000r\000d\000e\000r\000e\000d\000\040\000r\000e\000g\000i\000o\000n\000-\0003\000\040\000f\000i\000e\000l\000d}{subsection.7.3}% 253
\BOOKMARK [3][-]{subsubsection.7.3.3}{\376\377\000P\000o\000s\000t\000-\000c\000r\000o\000s\000s\000i\000n\000g\000\040\000o\000r\000d\000e\000r\000e\000d\000-\000f\000i\000e\000l\000d\000\040\000a\000d\000v\000e\000c\000t\000i\000o\000n}{subsection.7.3}% 254
\BOOKMARK [3][-]{subsubsection.7.3.4}{\376\377\000M\000a\000g\000n\000e\000t\000i\000c\000\040\000e\000n\000t\000h\000a\000l\000p\000y\000\040\000i\000n\000e\000r\000t\000i\000a}{subsection.7.3}% 255
\BOOKMARK [3][-]{subsubsection.7.3.5}{\376\377\000H\000e\000a\000t\000\040\000s\000t\000a\000t\000e\000\040\000f\000r\000o\000m\000\040\000t\000h\000e\000\040\000j\000u\000m\000p}{subsection.7.3}% 256
\BOOKMARK [2][-]{subsection.7.4}{\376\377\000P\000r\000i\000m\000a\000r\000y\000\040\000r\000e\000v\000e\000r\000s\000e\000-\000s\000h\000o\000c\000k\000\040\000O\000D\000E}{section.7}% 257
\BOOKMARK [3][-]{subsubsection.7.4.1}{\376\377\000S\000t\000a\000t\000e\000\040\000v\000e\000c\000t\000o\000r\000\040\000a\000n\000d\000\040\000n\000o\000r\000m\000a\000l\000i\000z\000a\000t\000i\000o\000n}{subsection.7.4}% 258
\BOOKMARK [3][-]{subsubsection.7.4.2}{\376\377\000P\000r\000e\000-\000c\000r\000o\000s\000s\000i\000n\000g\000\040\000m\000a\000s\000s\000\040\000f\000l\000u\000x}{subsection.7.4}% 259
\BOOKMARK [3][-]{subsubsection.7.4.3}{\376\377\000R\000e\000v\000e\000r\000s\000e\000-\000s\000h\000o\000c\000k\000\040\000s\000p\000e\000e\000d}{subsection.7.4}% 260
\BOOKMARK [3][-]{subsubsection.7.4.4}{\376\377\000A\000c\000t\000i\000v\000e\000\040\000p\000r\000e\000-\000c\000r\000o\000s\000s\000i\000n\000g\000\040\000L\000o\000r\000e\000n\000t\000z\000\040\000e\000q\000u\000a\000t\000i\000o\000n}{subsection.7.4}% 261
\BOOKMARK [3][-]{subsubsection.7.4.5}{\376\377\000R\000e\000v\000e\000r\000s\000e\000\040\000r\000a\000d\000i\000a\000t\000i\000v\000e\000\040\000f\000r\000a\000c\000t\000i\000o\000n}{subsection.7.4}% 262
\BOOKMARK [3][-]{subsubsection.7.4.6}{\376\377\000T\000h\000e\000r\000m\000a\000l\000\040\000a\000n\000d\000\040\000v\000o\000l\000u\000m\000e\000\040\000u\000p\000d\000a\000t\000e}{subsection.7.4}% 263
\BOOKMARK [3][-]{subsubsection.7.4.7}{\376\377\000P\000o\000s\000t\000-\000c\000r\000o\000s\000s\000i\000n\000g\000\040\000b\000u\000l\000k\000\040\000u\000p\000d\000a\000t\000e}{subsection.7.4}% 264
\BOOKMARK [2][-]{subsection.7.5}{\376\377\000C\000r\000o\000s\000s\000i\000n\000g\000\040\000a\000n\000d\000\040\000a\000c\000t\000i\000v\000a\000t\000i\000o\000n\000\040\000e\000v\000e\000n\000t\000\040\000s\000p\000l\000i\000t\000t\000i\000n\000g}{section.7}% 265
\BOOKMARK [3][-]{subsubsection.7.5.1}{\376\377\000M\000a\000s\000s\000-\000f\000r\000a\000c\000t\000i\000o\000n\000\040\000i\000n\000d\000e\000p\000e\000n\000d\000e\000n\000t\000\040\000v\000a\000r\000i\000a\000b\000l\000e}{subsection.7.5}% 266
\BOOKMARK [3][-]{subsubsection.7.5.2}{\376\377\000L\000o\000g\000-\000t\000i\000m\000e\000\040\000s\000m\000o\000o\000t\000h\000\040\000s\000t\000a\000g\000e\000s}{subsection.7.5}% 267
\BOOKMARK [3][-]{subsubsection.7.5.3}{\376\377\000E\000v\000e\000n\000t\000-\000s\000t\000a\000t\000e\000\040\000r\000e\000g\000i\000s\000t\000e\000r}{subsection.7.5}% 268
\BOOKMARK [3][-]{subsubsection.7.5.4}{\376\377\000C\000r\000o\000s\000s\000i\000n\000g\000-\000s\000t\000a\000t\000e\000\040\000w\000r\000i\000t\000e}{subsection.7.5}% 269
\BOOKMARK [3][-]{subsubsection.7.5.5}{\376\377\000C\000r\000o\000s\000s\000i\000n\000g\000\040\000a\000n\000d\000\040\000a\000c\000t\000i\000v\000a\000t\000i\000o\000n\000\040\000s\000p\000l\000i\000t}{subsection.7.5}% 270
\BOOKMARK [3][-]{subsubsection.7.5.6}{\376\377\000S\000m\000o\000o\000t\000h\000-\000b\000r\000a\000n\000c\000h\000\040\000r\000e\000f\000i\000n\000e\000m\000e\000n\000t}{subsection.7.5}% 271
\BOOKMARK [2][-]{subsection.7.6}{\376\377\000R\000e\000v\000e\000r\000s\000e\000\040\000e\000l\000e\000c\000t\000r\000o\000n\000\040\000i\000n\000j\000e\000c\000t\000i\000o\000n\000\040\000c\000o\000n\000t\000r\000a\000c\000t}{section.7}% 272
\BOOKMARK [2][-]{subsection.7.7}{\376\377\000R\000e\000v\000e\000r\000s\000e\000\040\000r\000a\000d\000i\000u\000s\000-\000o\000u\000t\000p\000u\000t\000\040\000s\000w\000e\000e\000p}{section.7}% 273
\BOOKMARK [2][-]{subsection.7.8}{\376\377\000R\000e\000v\000e\000r\000s\000e\000\040\000c\000o\000o\000l\000i\000n\000g\000\040\000a\000s\000s\000e\000m\000b\000l\000y}{section.7}% 274
\BOOKMARK [2][-]{subsection.7.9}{\376\377\000R\000e\000v\000e\000r\000s\000e\000\040\000f\000i\000n\000i\000t\000e\000-\000v\000o\000l\000u\000m\000e\000\040\000t\000r\000a\000n\000s\000p\000o\000r\000t\000\040\000a\000n\000d\000\040\000s\000u\000b\000s\000t\000e\000p\000s}{section.7}% 275
\BOOKMARK [2][-]{subsection.7.10}{\376\377\000P\000o\000s\000t\000-\000c\000r\000o\000s\000s\000i\000n\000g\000\040\000c\000h\000a\000r\000a\000c\000t\000e\000r\000i\000s\000t\000i\000c\000\040\000r\000e\000m\000a\000p}{section.7}% 276
\BOOKMARK [3][-]{subsubsection.7.10.1}{\376\377\000S\000y\000n\000c\000h\000r\000o\000t\000r\000o\000n\000\040\000a\000f\000f\000i\000n\000e\000\040\000m\000a\000p}{subsection.7.10}% 277
\BOOKMARK [3][-]{subsubsection.7.10.2}{\376\377\000I\000C\000/\000K\000N\000\040\000p\000i\000e\000c\000e\000w\000i\000s\000e\000-\000a\000f\000f\000i\000n\000e\000\040\000m\000a\000p}{subsection.7.10}% 278
\BOOKMARK [2][-]{subsection.7.11}{\376\377\000S\000e\000c\000o\000n\000d\000a\000r\000y\000-\000r\000e\000s\000e\000r\000v\000o\000i\000r\000\040\000e\000l\000e\000c\000t\000r\000o\000n\000\040\000t\000r\000a\000n\000s\000p\000o\000r\000t}{section.7}% 279
\BOOKMARK [3][-]{subsubsection.7.11.1}{\376\377\000R\000e\000s\000e\000r\000v\000o\000i\000r\000\040\000s\000o\000u\000r\000c\000e\000\040\000a\000n\000d\000\040\000v\000o\000l\000u\000m\000e\000\040\000l\000o\000s\000s}{subsection.7.11}% 280
\BOOKMARK [3][-]{subsubsection.7.11.2}{\376\377\000R\000e\000s\000e\000r\000v\000o\000i\000r\000\040\000r\000a\000d\000i\000a\000t\000i\000o\000n\000\040\000p\000r\000o\000d\000u\000c\000t}{subsection.7.11}% 281
\BOOKMARK [2][-]{subsection.7.12}{\376\377\000R\000e\000a\000c\000c\000e\000l\000e\000r\000a\000t\000i\000o\000n\000\040\000d\000i\000a\000g\000n\000o\000s\000t\000i\000c}{section.7}% 282
\BOOKMARK [3][-]{subsubsection.7.12.1}{\376\377\000P\000a\000r\000e\000n\000t\000\040\000m\000a\000s\000s\000\040\000t\000r\000a\000n\000s\000f\000e\000r}{subsection.7.12}% 283
\BOOKMARK [3][-]{subsubsection.7.12.2}{\376\377\000C\000o\000m\000p\000r\000e\000s\000s\000i\000o\000n\000\040\000b\000o\000o\000s\000t}{subsection.7.12}% 284
\BOOKMARK [3][-]{subsubsection.7.12.3}{\376\377\000D\000i\000f\000f\000u\000s\000i\000v\000e\000-\000s\000h\000o\000c\000k\000\040\000a\000c\000c\000e\000l\000e\000r\000a\000t\000i\000o\000n\000\040\000r\000e\000m\000a\000p}{subsection.7.12}% 285
\BOOKMARK [3][-]{subsubsection.7.12.4}{\376\377\000E\000n\000e\000r\000g\000y\000\040\000a\000c\000c\000o\000u\000n\000t\000i\000n\000g}{subsection.7.12}% 286
\BOOKMARK [2][-]{subsection.7.13}{\376\377\000D\000e\000n\000s\000i\000t\000y\000-\000j\000u\000m\000p\000\040\000s\000e\000c\000o\000n\000d\000a\000r\000y\000-\000s\000h\000o\000c\000k\000\040\000s\000o\000l\000v\000e\000r}{section.7}% 287
\BOOKMARK [3][-]{subsubsection.7.13.1}{\376\377\000E\000v\000e\000n\000t\000-\000w\000i\000n\000d\000o\000w\000\040\000d\000e\000n\000s\000i\000t\000y}{subsection.7.13}% 288
\BOOKMARK [3][-]{subsubsection.7.13.2}{\376\377\000S\000e\000c\000o\000n\000d\000a\000r\000y\000\040\000i\000n\000e\000r\000t\000i\000a\000\040\000r\000e\000g\000i\000s\000t\000e\000r}{subsection.7.13}% 289
\BOOKMARK [3][-]{subsubsection.7.13.3}{\376\377\000R\000e\000g\000i\000o\000n\000-\0004\000\040\000u\000p\000s\000t\000r\000e\000a\000m\000\040\000s\000t\000a\000t\000e}{subsection.7.13}% 290
\BOOKMARK [3][-]{subsubsection.7.13.4}{\376\377\000C\000o\000n\000t\000a\000c\000t\000\040\000p\000r\000e\000s\000s\000u\000r\000e\000\040\000r\000o\000o\000t}{subsection.7.13}% 291
\BOOKMARK [3][-]{subsubsection.7.13.5}{\376\377\000S\000h\000o\000c\000k\000-\000f\000r\000a\000m\000e\000\040\000c\000o\000m\000p\000r\000e\000s\000s\000i\000o\000n}{subsection.7.13}% 292
\BOOKMARK [3][-]{subsubsection.7.13.6}{\376\377\000D\000i\000s\000s\000i\000p\000a\000t\000e\000d\000-\000e\000n\000e\000r\000g\000y\000\040\000s\000o\000u\000r\000c\000e}{subsection.7.13}% 293
\BOOKMARK [3][-]{subsubsection.7.13.7}{\376\377\000N\000o\000r\000m\000a\000l\000i\000z\000e\000d\000\040\000s\000t\000a\000t\000e\000-\000v\000e\000c\000t\000o\000r\000\040\000e\000n\000t\000r\000i\000e\000s}{subsection.7.13}% 294
\BOOKMARK [2][-]{subsection.7.14}{\376\377\000S\000e\000c\000o\000n\000d\000a\000r\000y\000\040\000e\000v\000e\000n\000t\000\040\000w\000i\000n\000d\000o\000w\000s\000\040\000a\000n\000d\000\040\000o\000b\000s\000e\000r\000v\000e\000r\000\040\000d\000i\000a\000g\000n\000o\000s\000t\000i\000c\000s}{section.7}% 295
\BOOKMARK [3][-]{subsubsection.7.14.1}{\376\377\000E\000v\000e\000n\000t\000-\000r\000o\000o\000t\000\040\000s\000c\000a\000n\000n\000e\000r}{subsection.7.14}% 296
\BOOKMARK [3][-]{subsubsection.7.14.2}{\376\377\000D\000i\000m\000e\000n\000s\000i\000o\000n\000a\000l\000\040\000b\000r\000a\000n\000c\000h\000\040\000s\000t\000a\000t\000e}{subsection.7.14}% 297
\BOOKMARK [3][-]{subsubsection.7.14.3}{\376\377\000D\000i\000s\000s\000i\000p\000a\000t\000i\000o\000n\000-\000w\000e\000i\000g\000h\000t\000e\000d\000\040\000d\000i\000a\000g\000n\000o\000s\000t\000i\000c\000s}{subsection.7.14}% 298
\BOOKMARK [3][-]{subsubsection.7.14.4}{\376\377\000C\000o\000m\000b\000i\000n\000e\000d\000\040\000s\000e\000c\000o\000n\000d\000a\000r\000y\000\040\000s\000t\000a\000t\000e}{subsection.7.14}% 299
\BOOKMARK [3][-]{subsubsection.7.14.5}{\376\377\000B\000r\000e\000a\000k\000-\000f\000r\000e\000q\000u\000e\000n\000c\000y\000\040\000d\000i\000a\000g\000n\000o\000s\000t\000i\000c\000s}{subsection.7.14}% 300
\BOOKMARK [3][-]{subsubsection.7.14.6}{\376\377\000S\000u\000p\000p\000o\000r\000t\000e\000d\000\040\000b\000r\000a\000n\000c\000h\000\040\000b\000o\000u\000n\000d\000a\000r\000y}{subsection.7.14}% 301
\BOOKMARK [1][-]{section.8}{\376\377\000O\000b\000s\000e\000r\000v\000e\000r\000\040\000P\000r\000o\000j\000e\000c\000t\000i\000o\000n\000\040\000a\000n\000d\000\040\000C\000o\000m\000p\000o\000n\000e\000n\000t\000\040\000A\000s\000s\000e\000m\000b\000l\000y}{}% 302
\BOOKMARK [2][-]{subsection.8.1}{\376\377\000E\000q\000u\000a\000l\000-\000a\000r\000r\000i\000v\000a\000l\000-\000t\000i\000m\000e\000\040\000p\000r\000o\000j\000e\000c\000t\000i\000o\000n}{section.8}% 303
\BOOKMARK [3][-]{subsubsection.8.1.1}{\376\377\000L\000o\000c\000a\000l\000\040\000a\000n\000g\000u\000l\000a\000r\000\040\000m\000a\000p}{subsection.8.1}% 304
\BOOKMARK [3][-]{subsubsection.8.1.2}{\376\377\000R\000a\000d\000i\000u\000s\000-\000t\000o\000-\000o\000b\000s\000e\000r\000v\000e\000r\000\040\000i\000n\000t\000e\000r\000p\000o\000l\000a\000t\000i\000o\000n}{subsection.8.1}% 305
\BOOKMARK [2][-]{subsection.8.2}{\376\377\000S\000t\000r\000u\000c\000t\000u\000r\000e\000d\000-\000j\000e\000t\000\040\000a\000g\000g\000r\000e\000g\000a\000t\000i\000o\000n\000\040\000b\000o\000u\000n\000d\000a\000r\000y}{section.8}% 306
\BOOKMARK [3][-]{subsubsection.8.2.1}{\376\377\000B\000a\000c\000k\000e\000n\000d\000\040\000s\000e\000l\000e\000c\000t\000i\000o\000n}{subsection.8.2}% 307
\BOOKMARK [3][-]{subsubsection.8.2.2}{\376\377\000R\000e\000p\000r\000e\000s\000e\000n\000t\000a\000t\000i\000v\000e\000-\000p\000a\000t\000c\000h\000\040\000r\000e\000g\000i\000s\000t\000e\000r}{subsection.8.2}% 308
\BOOKMARK [3][-]{subsubsection.8.2.3}{\376\377\000L\000o\000c\000a\000l\000\040\000o\000n\000e\000-\000d\000i\000m\000e\000n\000s\000i\000o\000n\000a\000l\000\040\000s\000o\000l\000v\000e}{subsection.8.2}% 309
\BOOKMARK [3][-]{subsubsection.8.2.4}{\376\377\000S\000h\000e\000l\000l\000\040\000p\000r\000e\000f\000a\000c\000t\000o\000r}{subsection.8.2}% 310
\BOOKMARK [3][-]{subsubsection.8.2.5}{\376\377\000A\000n\000g\000u\000l\000a\000r\000\040\000a\000c\000c\000u\000m\000u\000l\000a\000t\000i\000o\000n}{subsection.8.2}% 311
\BOOKMARK [2][-]{subsection.8.3}{\376\377\000P\000r\000o\000j\000e\000c\000t\000i\000o\000n\000\040\000s\000y\000m\000b\000o\000l\000\040\000b\000i\000n\000d\000i\000n\000g}{section.8}% 312
\BOOKMARK [2][-]{subsection.8.4}{\376\377\000D\000i\000r\000e\000c\000t\000\040\000t\000o\000p\000-\000h\000a\000t\000\040\000E\000A\000T\000S\000\040\000i\000n\000t\000e\000r\000p\000o\000l\000a\000t\000i\000o\000n}{section.8}% 313
\BOOKMARK [3][-]{subsubsection.8.4.1}{\376\377\000M\000i\000d\000p\000o\000i\000n\000t\000\040\000a\000n\000g\000u\000l\000a\000r\000\040\000c\000e\000l\000l\000s}{subsection.8.4}% 314
\BOOKMARK [3][-]{subsubsection.8.4.2}{\376\377\000R\000a\000d\000i\000a\000l\000\040\000E\000A\000T\000S\000\040\000b\000r\000a\000c\000k\000e\000t}{subsection.8.4}% 315
\BOOKMARK [3][-]{subsubsection.8.4.3}{\376\377\000D\000o\000p\000p\000l\000e\000r\000\040\000s\000h\000i\000f\000t\000\040\000a\000n\000d\000\040\000S\000E\000D\000\040\000a\000c\000c\000u\000m\000u\000l\000a\000t\000i\000o\000n}{subsection.8.4}% 316
\BOOKMARK [2][-]{subsection.8.5}{\376\377\000A\000d\000a\000p\000t\000i\000v\000e\000\040\000a\000n\000g\000u\000l\000a\000r\000\040\000q\000u\000a\000d\000r\000a\000t\000u\000r\000e}{section.8}% 317
\BOOKMARK [3][-]{subsubsection.8.5.1}{\376\377\000T\000h\000e\000t\000a\000-\000c\000e\000l\000l\000\040\000r\000e\000f\000i\000n\000e\000m\000e\000n\000t}{subsection.8.5}% 318
\BOOKMARK [2][-]{subsection.8.6}{\376\377\000c\000h\000i\000-\000r\000e\000s\000o\000l\000v\000e\000d\000\040\000f\000i\000n\000i\000t\000e\000-\000c\000e\000l\000l\000\040\000p\000r\000o\000j\000e\000c\000t\000i\000o\000n}{section.8}% 319
\BOOKMARK [3][-]{subsubsection.8.6.1}{\376\377\000F\000i\000n\000i\000t\000e\000-\000c\000e\000l\000l\000\040\000a\000r\000r\000i\000v\000a\000l\000\040\000m\000a\000p}{subsection.8.6}% 320
\BOOKMARK [3][-]{subsubsection.8.6.2}{\376\377\000R\000a\000d\000i\000a\000l\000\040\000s\000e\000g\000m\000e\000n\000t\000\040\000s\000e\000a\000r\000c\000h}{subsection.8.6}% 321
\BOOKMARK [3][-]{subsubsection.8.6.3}{\376\377\000C\000e\000l\000l\000\040\000t\000r\000a\000n\000s\000f\000e\000r\000\040\000f\000a\000c\000t\000o\000r}{subsection.8.6}% 322
\BOOKMARK [2][-]{subsection.8.7}{\376\377\000S\000t\000r\000u\000c\000t\000u\000r\000e\000d\000\040\000r\000i\000n\000g\000s\000\040\000a\000n\000d\000\040\000r\000a\000y\000-\000l\000i\000s\000t\000\040\000a\000s\000s\000e\000m\000b\000l\000y}{section.8}% 323
\BOOKMARK [3][-]{subsubsection.8.7.1}{\376\377\000R\000i\000n\000g\000\040\000s\000u\000m\000m\000a\000t\000i\000o\000n}{subsection.8.7}% 324
\BOOKMARK [3][-]{subsubsection.8.7.2}{\376\377\000R\000a\000y\000-\000e\000v\000e\000n\000t\000\040\000c\000o\000n\000s\000t\000r\000u\000c\000t\000i\000o\000n}{subsection.8.7}% 325
\BOOKMARK [3][-]{subsubsection.8.7.3}{\376\377\000F\000o\000r\000e\000g\000r\000o\000u\000n\000d\000\040\000S\000S\000A\000\040\000p\000a\000t\000h}{subsection.8.7}% 326
\BOOKMARK [3][-]{subsubsection.8.7.4}{\376\377\000R\000a\000y\000\040\000f\000l\000u\000x\000\040\000a\000c\000c\000u\000m\000u\000l\000a\000t\000i\000o\000n}{subsection.8.7}% 327
\BOOKMARK [2][-]{subsection.8.8}{\376\377\000L\000e\000g\000a\000c\000y\000\040\000s\000t\000r\000u\000c\000t\000u\000r\000e\000d\000-\000j\000e\000t\000\040\000p\000r\000o\000j\000e\000c\000t\000i\000o\000n}{section.8}% 328
\BOOKMARK [3][-]{subsubsection.8.8.1}{\376\377\000S\000t\000r\000u\000c\000t\000u\000r\000e\000d\000\040\000a\000n\000g\000u\000l\000a\000r\000\040\000q\000u\000a\000d\000r\000a\000t\000u\000r\000e}{subsection.8.8}% 329
\BOOKMARK [3][-]{subsubsection.8.8.2}{\376\377\000P\000a\000t\000c\000h\000\040\000E\000A\000T\000S\000\040\000a\000c\000c\000u\000m\000u\000l\000a\000t\000i\000o\000n}{subsection.8.8}% 330
\BOOKMARK [2][-]{subsection.8.9}{\376\377\000S\000h\000a\000r\000e\000d\000\040\000f\000r\000e\000q\000u\000e\000n\000c\000y\000-\000g\000r\000i\000d\000\040\000a\000c\000c\000u\000m\000u\000l\000a\000t\000o\000r}{section.8}% 331
\BOOKMARK [3][-]{subsubsection.8.9.1}{\376\377\000L\000o\000g\000-\000S\000E\000D\000\040\000a\000c\000c\000u\000m\000u\000l\000a\000t\000o\000r}{subsection.8.9}% 332
\BOOKMARK [3][-]{subsubsection.8.9.2}{\376\377\000S\000h\000i\000f\000t\000e\000d\000-\000s\000o\000u\000r\000c\000e\000\040\000a\000c\000c\000u\000m\000u\000l\000a\000t\000o\000r}{subsection.8.9}% 333
\BOOKMARK [2][-]{subsection.8.10}{\376\377\000P\000u\000b\000l\000i\000c\000\040\000p\000r\000o\000j\000e\000c\000t\000i\000o\000n\000\040\000b\000o\000u\000n\000d\000a\000r\000i\000e\000s}{section.8}% 334
\BOOKMARK [3][-]{subsubsection.8.10.1}{\376\377\000S\000u\000p\000p\000o\000r\000t\000e\000d\000\040\000p\000r\000o\000j\000e\000c\000t\000i\000o\000n\000\040\000k\000e\000r\000n\000e\000l\000s}{subsection.8.10}% 335
\BOOKMARK [2][-]{subsection.8.11}{\376\377\000R\000a\000y\000-\000t\000r\000a\000c\000e\000d\000\040\000s\000y\000n\000c\000h\000r\000o\000t\000r\000o\000n\000\040\000s\000e\000l\000f\000-\000a\000b\000s\000o\000r\000p\000t\000i\000o\000n\000\040\000b\000o\000u\000n\000d\000a\000r\000y}{section.8}% 336
\BOOKMARK [3][-]{subsubsection.8.11.1}{\376\377\000R\000a\000y\000-\000p\000a\000t\000h\000\040\000o\000p\000t\000i\000c\000a\000l\000\040\000d\000e\000p\000t\000h}{subsection.8.11}% 337
\BOOKMARK [1][-]{section.9}{\376\377\000F\000i\000t\000t\000i\000n\000g\000,\000\040\000R\000u\000n\000t\000i\000m\000e\000,\000\040\000a\000n\000d\000\040\000R\000e\000p\000r\000o\000d\000u\000c\000i\000b\000i\000l\000i\000t\000y}{}% 338
\BOOKMARK [2][-]{subsection.9.1}{\376\377\000A\000c\000t\000i\000v\000e\000-\000v\000a\000r\000i\000a\000b\000l\000e\000\040\000m\000a\000p}{section.9}% 339
\BOOKMARK [2][-]{subsection.9.2}{\376\377\000O\000b\000s\000e\000r\000v\000a\000t\000i\000o\000n\000-\000b\000l\000o\000c\000k\000\040\000r\000e\000s\000i\000d\000u\000a\000l\000s}{section.9}% 340
\BOOKMARK [2][-]{subsection.9.3}{\376\377\000B\000a\000n\000d\000-\000f\000l\000u\000x\000\040\000q\000u\000a\000d\000r\000a\000t\000u\000r\000e}{section.9}% 341
\BOOKMARK [2][-]{subsection.9.4}{\376\377\000E\000x\000p\000o\000s\000u\000r\000e\000\040\000q\000u\000a\000d\000r\000a\000t\000u\000r\000e}{section.9}% 342
\BOOKMARK [2][-]{subsection.9.5}{\376\377\000R\000u\000n\000t\000i\000m\000e\000\040\000q\000u\000e\000r\000y\000\040\000c\000a\000c\000h\000e\000\040\000a\000n\000d\000\040\000p\000u\000b\000l\000i\000c\000\040\000p\000r\000o\000d\000u\000c\000t\000s}{section.9}% 343
\BOOKMARK [1][-]{section.10}{\376\377\000V\000e\000r\000i\000f\000i\000c\000a\000t\000i\000o\000n\000\040\000a\000n\000d\000\040\000F\000i\000g\000u\000r\000e\000\040\000E\000v\000i\000d\000e\000n\000c\000e}{}% 344
\BOOKMARK [2][-]{subsection.10.1}{\376\377\000F\000i\000g\000u\000r\000e\000-\000b\000a\000c\000k\000e\000d\000\040\000s\000t\000a\000t\000e\000\040\000c\000h\000e\000c\000k\000s}{section.10}% 345
\BOOKMARK [2][-]{subsection.10.2}{\376\377\000B\000o\000u\000n\000d\000e\000d\000\040\000v\000a\000l\000i\000d\000a\000t\000i\000o\000n\000\040\000m\000e\000t\000r\000i\000c\000s}{section.10}% 346
\BOOKMARK [1][-]{section.11}{\376\377\000M\000o\000d\000e\000l\000\040\000B\000o\000u\000n\000d\000a\000r\000i\000e\000s}{}% 347
\BOOKMARK [2][-]{subsection.11.1}{\376\377\000R\000u\000n\000t\000i\000m\000e\000\040\000c\000o\000n\000f\000i\000g\000u\000r\000a\000t\000i\000o\000n\000\040\000b\000o\000u\000n\000d\000a\000r\000i\000e\000s}{section.11}% 348
\BOOKMARK [2][-]{subsection.11.2}{\376\377\000C\000o\000u\000p\000l\000e\000d\000-\000p\000h\000y\000s\000i\000c\000s\000\040\000b\000o\000u\000n\000d\000a\000r\000i\000e\000s}{section.11}% 349
\BOOKMARK [1][-]{section.12}{\376\377\000S\000u\000m\000m\000a\000r\000y}{}% 350
\BOOKMARK [1][-]{appendix.A}{\376\377\000H\000a\000d\000r\000o\000n\000i\000c\000\040\000a\000n\000d\000\040\000P\000a\000i\000r\000-\000F\000e\000e\000d\000b\000a\000c\000k\000\040\000F\000i\000g\000u\000r\000e}{}% 351
\BOOKMARK [1][-]{appendix.B}{\376\377\000S\000o\000f\000t\000w\000a\000r\000e\000\040\000a\000n\000d\000\040\000D\000a\000t\000a\000\040\000A\000v\000a\000i\000l\000a\000b\000i\000l\000i\000t\000y}{}% 352
